Archive member included to satisfy reference by file (symbol)

app/libapp.a(main.c.obj)      (--whole-archive)
app/libapp.a(ble_manager.c.obj)
                              (--whole-archive)
app/libapp.a(HM01B0_CLK.c.obj)
                              (--whole-archive)
zephyr/libzephyr.a(heap.c.obj)
                              (--whole-archive)
zephyr/libzephyr.a(cbprintf_packaged.c.obj)
                              (--whole-archive)
zephyr/libzephyr.a(printk.c.obj)
                              (--whole-archive)
zephyr/libzephyr.a(sem.c.obj)
                              (--whole-archive)
zephyr/libzephyr.a(thread_entry.c.obj)
                              (--whole-archive)
zephyr/libzephyr.a(cbprintf_complete.c.obj)
                              (--whole-archive)
zephyr/libzephyr.a(assert.c.obj)
                              (--whole-archive)
zephyr/libzephyr.a(mpsc_pbuf.c.obj)
                              (--whole-archive)
zephyr/libzephyr.a(dec.c.obj)
                              (--whole-archive)
zephyr/libzephyr.a(hex.c.obj)
                              (--whole-archive)
zephyr/libzephyr.a(rb.c.obj)  (--whole-archive)
zephyr/libzephyr.a(timeutil.c.obj)
                              (--whole-archive)
zephyr/libzephyr.a(bitarray.c.obj)
                              (--whole-archive)
zephyr/libzephyr.a(onoff.c.obj)
                              (--whole-archive)
zephyr/libzephyr.a(notify.c.obj)
                              (--whole-archive)
zephyr/libzephyr.a(ring_buffer.c.obj)
                              (--whole-archive)
zephyr/libzephyr.a(last_section_id.c.obj)
                              (--whole-archive)
zephyr/libzephyr.a(configs.c.obj)
                              (--whole-archive)
zephyr/libzephyr.a(log_core.c.obj)
                              (--whole-archive)
zephyr/libzephyr.a(log_mgmt.c.obj)
                              (--whole-archive)
zephyr/libzephyr.a(log_cache.c.obj)
                              (--whole-archive)
zephyr/libzephyr.a(log_msg.c.obj)
                              (--whole-archive)
zephyr/libzephyr.a(log_output.c.obj)
                              (--whole-archive)
zephyr/libzephyr.a(log_backend_rtt.c.obj)
                              (--whole-archive)
zephyr/libzephyr.a(log_backend_uart.c.obj)
                              (--whole-archive)
zephyr/libzephyr.a(mem_attr.c.obj)
                              (--whole-archive)
zephyr/libzephyr.a(tracing_none.c.obj)
                              (--whole-archive)
zephyr/libzephyr.a(banner.c.obj)
                              (--whole-archive)
zephyr/libzephyr.a(hci_vs_sdc.c.obj)
                              (--whole-archive)
zephyr/libzephyr.a(host_extensions.c.obj)
                              (--whole-archive)
zephyr/libzephyr.a(flash_map_partition_manager.c.obj)
                              (--whole-archive)
zephyr/arch/common/libarch__common.a(sw_isr_common.c.obj)
                              (--whole-archive)
zephyr/arch/arch/arm/core/libarch__arm__core.a(fatal.c.obj)
                              (--whole-archive)
zephyr/arch/arch/arm/core/libarch__arm__core.a(nmi.c.obj)
                              (--whole-archive)
zephyr/arch/arch/arm/core/libarch__arm__core.a(nmi_on_reset.S.obj)
                              (--whole-archive)
zephyr/arch/arch/arm/core/libarch__arm__core.a(tls.c.obj)
                              (--whole-archive)
zephyr/arch/arch/arm/core/cortex_m/libarch__arm__core__cortex_m.a(exc_exit.c.obj)
                              (--whole-archive)
zephyr/arch/arch/arm/core/cortex_m/libarch__arm__core__cortex_m.a(fault.c.obj)
                              (--whole-archive)
zephyr/arch/arch/arm/core/cortex_m/libarch__arm__core__cortex_m.a(fault_s.S.obj)
                              (--whole-archive)
zephyr/arch/arch/arm/core/cortex_m/libarch__arm__core__cortex_m.a(fpu.c.obj)
                              (--whole-archive)
zephyr/arch/arch/arm/core/cortex_m/libarch__arm__core__cortex_m.a(reset.S.obj)
                              (--whole-archive)
zephyr/arch/arch/arm/core/cortex_m/libarch__arm__core__cortex_m.a(scb.c.obj)
                              (--whole-archive)
zephyr/arch/arch/arm/core/cortex_m/libarch__arm__core__cortex_m.a(thread_abort.c.obj)
                              (--whole-archive)
zephyr/arch/arch/arm/core/cortex_m/libarch__arm__core__cortex_m.a(vector_table.S.obj)
                              (--whole-archive)
zephyr/arch/arch/arm/core/cortex_m/libarch__arm__core__cortex_m.a(swap_helper.S.obj)
                              (--whole-archive)
zephyr/arch/arch/arm/core/cortex_m/libarch__arm__core__cortex_m.a(irq_manage.c.obj)
                              (--whole-archive)
zephyr/arch/arch/arm/core/cortex_m/libarch__arm__core__cortex_m.a(prep_c.c.obj)
                              (--whole-archive)
zephyr/arch/arch/arm/core/cortex_m/libarch__arm__core__cortex_m.a(thread.c.obj)
                              (--whole-archive)
[...]
Memory Configuration

Name             Origin             Length             Attributes
FLASH            0x0000000000000000 0x0000000000080000 xr
RAM              0x0000000020000000 0x0000000000010000 xw
IDT_LIST         0x00000000ffff7fff 0x0000000000008000 xw
*default*        0x0000000000000000 0xffffffffffffffff

Linker script and memory map

                0x000000000001b9e8                vfprintf = __l_vfprintf
                0x0000000000000000                vfscanf = __l_vfscanf
LOAD zephyr/CMakeFiles/zephyr_final.dir/misc/empty_file.c.obj
LOAD zephyr/CMakeFiles/zephyr_final.dir/isr_tables.c.obj
LOAD zephyr/CMakeFiles/offsets.dir/./arch/arm/core/offsets/offsets.c.obj
LOAD app/libapp.a
LOAD zephyr/libzephyr.a
LOAD zephyr/arch/common/libarch__common.a
LOAD zephyr/arch/arch/arm/core/libarch__arm__core.a
LOAD zephyr/arch/arch/arm/core/cortex_m/libarch__arm__core__cortex_m.a
LOAD zephyr/arch/arch/arm/core/mpu/libarch__arm__core__mpu.a
LOAD zephyr/lib/libc/picolibc/liblib__libc__picolibc.a
LOAD zephyr/lib/libc/common/liblib__libc__common.a
LOAD zephyr/lib/net_buf/liblib__net_buf.a
LOAD zephyr/soc/soc/nrf52832/libsoc__nordic.a
LOAD zephyr/subsys/random/libsubsys__random.a
LOAD zephyr/subsys/bluetooth/common/libsubsys__bluetooth__common.a
LOAD zephyr/subsys/bluetooth/host/libsubsys__bluetooth__host.a
LOAD zephyr/drivers/clock_control/libdrivers__clock_control.a
LOAD zephyr/drivers/console/libdrivers__console.a
LOAD zephyr/drivers/entropy/libdrivers__entropy.a
LOAD zephyr/drivers/gpio/libdrivers__gpio.a
LOAD zephyr/drivers/i2c/libdrivers__i2c.a
LOAD zephyr/drivers/pinctrl/libdrivers__pinctrl.a
LOAD zephyr/drivers/serial/libdrivers__serial.a
LOAD zephyr/drivers/spi/libdrivers__spi.a
LOAD zephyr/drivers/timer/libdrivers__timer.a
LOAD modules/nrf/lib/multithreading_lock/lib..__nrf__lib__multithreading_lock.a
LOAD modules/nrf/subsys/bluetooth/controller/lib..__nrf__subsys__bluetooth__controller.a
LOAD modules/nrf/subsys/mpsl/init/lib..__nrf__subsys__mpsl__init.a
LOAD modules/nrf/subsys/mpsl/fem/lib..__nrf__subsys__mpsl__fem.a
LOAD modules/nrf/drivers/mpsl/clock_control/lib..__nrf__drivers__mpsl__clock_control.a
LOAD modules/hal_nordic/modules/hal_nordic/nrfx/libmodules__hal_nordic__nrfx.a
LOAD modules/segger/libmodules__segger.a
LOAD zephyr/kernel/libkernel.a
LOAD zephyr/arch/common/libisr_tables.a
LOAD /opt/nordic/ncs/v3.0.2/nrfxlib/softdevice_controller/lib/nrf52/soft-float/libsoftdevice_controller_peripheral.a
LOAD /opt/nordic/ncs/v3.0.2/nrfxlib/mpsl/fem/common/lib/nrf52/soft-float/libmpsl_fem_common.a
LOAD /opt/nordic/ncs/v3.0.2/nrfxlib/mpsl/fem/nrf21540_gpio/lib/nrf52/soft-float/libmpsl_fem_nrf21540_gpio.a
LOAD /opt/nordic/ncs/v3.0.2/nrfxlib/mpsl/fem/nrf21540_gpio_spi/lib/nrf52/soft-float/libmpsl_fem_nrf21540_gpio_spi.a
LOAD /opt/nordic/ncs/v3.0.2/nrfxlib/mpsl/fem/nrf2220/lib/nrf52/soft-float/libmpsl_fem_nrf2220.a
LOAD /opt/nordic/ncs/v3.0.2/nrfxlib/mpsl/fem/nrf2240/lib/nrf52/soft-float/libmpsl_fem_nrf2240.a
LOAD /opt/nordic/ncs/v3.0.2/nrfxlib/mpsl/fem/nrf22xx/lib/nrf52/soft-float/libmpsl_fem_nrf22xx.a
LOAD /opt/nordic/ncs/v3.0.2/nrfxlib/mpsl/fem/simple_gpio/lib/nrf52/soft-float/libmpsl_fem_simple_gpio.a
LOAD /opt/nordic/ncs/v3.0.2/nrfxlib/mpsl/lib/nrf52/soft-float/libmpsl.a
LOAD /opt/nordic/ncs/toolchains/ef4fc6722e/opt/zephyr-sdk/arm-zephyr-eabi/bin/../lib/gcc/../../picolibc/arm-zephyr-eabi/lib/thumb/v7e-m/nofp/libc.a
LOAD /opt/nordic/ncs/toolchains/ef4fc6722e/opt/zephyr-sdk/arm-zephyr-eabi/bin/../lib/gcc/arm-zephyr-eabi/12.2.0/thumb/v7e-m/nofp/libgcc.a
                0x0000000000000020                _region_min_align = 0x20

.rel.plt        0x0000000000000000        0x0
 *(SORT_BY_ALIGNMENT(.rel.plt))
                [!provide]                        PROVIDE (__rel_iplt_start = .)
 *(SORT_BY_ALIGNMENT(.rel.iplt))
 .rel.iplt      0x0000000000000000        0x0 zephyr/CMakeFiles/zephyr_final.dir/isr_tables.c.obj
                [!provide]                        PROVIDE (__rel_iplt_end = .)

.rela.plt       0x0000000000000000        0x0
 *(SORT_BY_ALIGNMENT(.rela.plt))
                [!provide]                        PROVIDE (__rela_iplt_start = .)
 *(SORT_BY_ALIGNMENT(.rela.iplt))
                [!provide]                        PROVIDE (__rela_iplt_end = .)

.rel.dyn
 *(SORT_BY_ALIGNMENT(.rel.*))

.rela.dyn
 *(SORT_BY_ALIGNMENT(.rela.*))

/DISCARD/
 *(SORT_BY_ALIGNMENT(.plt))

/DISCARD/
 *(SORT_BY_ALIGNMENT(.iplt))
                0x0000000000000000                __rom_region_start = 0x0

rom_start       0x0000000000000000       0xdc
                0x0000000000000000                __rom_start_address = .
 FILL mask 0x00
                0x0000000000000000                . = (. + (0x0 - (. - __rom_start_address)))
                0x0000000000000000                . = ALIGN (0x4)
                0x0000000000000000                . = ALIGN (0x80)
                0x0000000000000000                . = ALIGN (0x100)
                0x0000000000000000                _vector_start = .
 *(SORT_BY_ALIGNMENT(.exc_vector_table))
 *(SORT_BY_ALIGNMENT(.exc_vector_table.*))
 .exc_vector_table._vector_table_section
                0x0000000000000000       0x40 zephyr/arch/arch/arm/core/cortex_m/libarch__arm__core__cortex_m.a(vector_table.S.obj)
                0x0000000000000000                _vector_table
 *(SORT_BY_ALIGNMENT(.vectors))
                0x00000000000000dc                _vector_end = .
                0x0000000000000040                . = ALIGN (0x4)
 *(SORT_BY_ALIGNMENT(.gnu.linkonce.irq_vector_table*))
 .gnu.linkonce.irq_vector_table
                0x0000000000000040       0x9c zephyr/CMakeFiles/zephyr_final.dir/isr_tables.c.obj
                0x0000000000000040                _irq_vector_table
                0x00000000000000dc                _vector_end = .

text            0x00000000000000dc    0x1fa18
                0x00000000000000dc                __text_region_start = .
 *(SORT_BY_ALIGNMENT(.text))
 .text          0x00000000000000dc       0x24 /opt/nordic/ncs/v3.0.2/nrfxlib/softdevice_controller/lib/nrf52/soft-float/libsoftdevice_controller_peripheral.a(libsoftdevice_controller_s112_debug_soft__obfuscated.elf)
 .text          0x0000000000000100       0x24 /opt/nordic/ncs/v3.0.2/nrfxlib/softdevice_controller/lib/nrf52/soft-float/libsoftdevice_controller_peripheral.a(libsoftdevice_controller_s112_debug_soft__obfuscated.elf)
 .text          0x0000000000000124       0xd0 /opt/nordic/ncs/v3.0.2/nrfxlib/softdevice_controller/lib/nrf52/soft-float/libsoftdevice_controller_peripheral.a(libsoftdevice_controller_s112_debug_soft__obfuscated.elf)
 .text          0x00000000000001f4       0x74 /opt/nordic/ncs/v3.0.2/nrfxlib/softdevice_controller/lib/nrf52/soft-float/libsoftdevice_controller_peripheral.a(libsoftdevice_controller_s112_debug_soft__obfuscated.elf)
                0x00000000000001f4                sym_476LRB5XNUARAHCHHC7ZAIGPFC5VZ4W2N4467LI
 .text          0x0000000000000268       0x38 /opt/nordic/ncs/v3.0.2/nrfxlib/softdevice_controller/lib/nrf52/soft-float/libsoftdevice_controller_peripheral.a(libsoftdevice_controller_s112_debug_soft__obfuscated.elf)
 .text          0x00000000000002a0       0x74 /opt/nordic/ncs/v3.0.2/nrfxlib/softdevice_controller/lib/nrf52/soft-float/libsoftdevice_controller_peripheral.a(libsoftdevice_controller_s112_debug_soft__obfuscated.elf)
                0x00000000000002a0                sdc_init
 .text          0x0000000000000314       0xa0 /opt/nordic/ncs/v3.0.2/nrfxlib/softdevice_controller/lib/nrf52/soft-float/libsoftdevice_controller_peripheral.a(libsoftdevice_controller_s112_debug_soft__obfuscated.elf)
                0x0000000000000314                sdc_cfg_set
 .text          0x00000000000003b4       0x60 /opt/nordic/ncs/v3.0.2/nrfxlib/softdevice_controller/lib/nrf52/soft-float/libsoftdevice_controller_peripheral.a(libsoftdevice_controller_s112_debug_soft__obfuscated.elf)
                0x00000000000003b4                sdc_enable
 .text          0x0000000000000414       0x24 /opt/nordic/ncs/v3.0.2/nrfxlib/softdevice_controller/lib/nrf52/soft-float/libsoftdevice_controller_peripheral.a(libsoftdevice_controller_s112_debug_soft__obfuscated.elf)
                0x0000000000000414                sdc_disable
 .text          0x0000000000000438       0x24 /opt/nordic/ncs/v3.0.2/nrfxlib/softdevice_controller/lib/nrf52/soft-float/libsoftdevice_controller_peripheral.a(libsoftdevice_controller_s112_debug_soft__obfuscated.elf)
                0x0000000000000438                sdc_build_revision_get
 .text          0x000000000000045c       0x28 /opt/nordic/ncs/v3.0.2/nrfxlib/softdevice_controller/lib/nrf52/soft-float/libsoftdevice_controller_peripheral.a(libsoftdevice_controller_s112_debug_soft__obfuscated.elf)
                0x000000000000045c                sdc_support_adv
 .text          0x0000000000000484       0x28 /opt/nordic/ncs/v3.0.2/nrfxlib/softdevice_controller/lib/nrf52/soft-float/libsoftdevice_controller_peripheral.a(libsoftdevice_controller_s112_debug_soft__obfuscated.elf)
                0x0000000000000484                sdc_support_peripheral
 .text          0x00000000000004ac       0x1c /opt/nordic/ncs/v3.0.2/nrfxlib/softdevice_controller/lib/nrf52/soft-float/libsoftdevice_controller_peripheral.a(libsoftdevice_controller_s112_debug_soft__obfuscated.elf)
                0x00000000000004ac                sdc_support_dle_peripheral
 .text          0x00000000000004c8       0x1c /opt/nordic/ncs/v3.0.2/nrfxlib/softdevice_controller/lib/nrf52/soft-float/libsoftdevice_controller_peripheral.a(libsoftdevice_controller_s112_debug_soft__obfuscated.elf)
                0x00000000000004c8                sdc_support_le_2m_phy
 .text          0x00000000000004e4       0x1c /opt/nordic/ncs/v3.0.2/nrfxlib/softdevice_controller/lib/nrf52/soft-float/libsoftdevice_controller_peripheral.a(libsoftdevice_controller_s112_debug_soft__obfuscated.elf)
                0x00000000000004e4                sdc_support_phy_update_peripheral
 .text          0x0000000000000500       0x10 /opt/nordic/ncs/v3.0.2/nrfxlib/softdevice_controller/lib/nrf52/soft-float/libsoftdevice_controller_peripheral.a(libsoftdevice_controller_s112_debug_soft__obfuscated.elf)
                0x0000000000000500                sdc_rand_source_register
 .text          0x0000000000000510        0xc /opt/nordic/ncs/v3.0.2/nrfxlib/softdevice_controller/lib/nrf52/soft-float/libsoftdevice_controller_peripheral.a(libsoftdevice_controller_s112_debug_soft__obfuscated.elf)
                0x0000000000000510                sym_CVMXQJYKHZVHIOMGOYEICPLVAIQNUBL6USVNZSA
 .text          0x000000000000051c       0x10 /opt/nordic/ncs/v3.0.2/nrfxlib/softdevice_controller/lib/nrf52/soft-float/libsoftdevice_controller_peripheral.a(libsoftdevice_controller_s112_debug_soft__obfuscated.elf)
                0x000000000000051c                sym_EZ7BAEZZMYJFIJAONX254JF3WPGEXUT4NMP2WJQ
 .text          0x000000000000052c       0xb0 /opt/nordic/ncs/v3.0.2/nrfxlib/softdevice_controller/lib/nrf52/soft-float/libsoftdevice_controller_peripheral.a(libsoftdevice_controller_s112_debug_soft__obfuscated.elf)
                0x000000000000052c                sym_MS2INTHZLDZMKZ5TZUDLWHPLKH3FLVZPA26JG6A
 .text          0x00000000000005dc       0x28 /opt/nordic/ncs/v3.0.2/nrfxlib/softdevice_controller/lib/nrf52/soft-float/libsoftdevice_controller_peripheral.a(libsoftdevice_controller_s112_debug_soft__obfuscated.elf)
                0x00000000000005dc                sym_TG7NSIC2UKHCUBZWZ4K4EMD5QRI2QVSKVKV6CFQ
 .text          0x0000000000000604       0x3c /opt/nordic/ncs/v3.0.2/nrfxlib/softdevice_controller/lib/nrf52/soft-float/libsoftdevice_controller_peripheral.a(libsoftdevice_controller_s112_debug_soft__obfuscated.elf)
                0x0000000000000604                sym_Z7NJGBYWCKFTEHRYWAIDKWPEUN45273QSWUA5CY
 .text          0x0000000000000640       0x24 /opt/nordic/ncs/v3.0.2/nrfxlib/softdevice_controller/lib/nrf52/soft-float/libsoftdevice_controller_peripheral.a(libsoftdevice_controller_s112_debug_soft__obfuscated.elf)
                0x0000000000000640                sym_TU2SMBIUC7JL6C3K2XB6727DQLBLV5LEGIMZAFQ
 .text          0x0000000000000664       0x10 /opt/nordic/ncs/v3.0.2/nrfxlib/softdevice_controller/lib/nrf52/soft-float/libsoftdevice_controller_peripheral.a(libsoftdevice_controller_s112_debug_soft__obfuscated.elf)
                0x0000000000000664                sym_CIVMWIRGIOQ374UFFPIFNN4ZGKYK2FRKTT6YRYA
 .text          0x0000000000000674       0x10 /opt/nordic/ncs/v3.0.2/nrfxlib/softdevice_controller/lib/nrf52/soft-float/libsoftdevice_controller_peripheral.a(libsoftdevice_controller_s112_debug_soft__obfuscated.elf)
                0x0000000000000674                sym_PPT6FEOF2T6DRALMCRRTUI7CHLEPBAN25HYV3KQ
 .text          0x0000000000000684       0x28 /opt/nordic/ncs/v3.0.2/nrfxlib/softdevice_controller/lib/nrf52/soft-float/libsoftdevice_controller_peripheral.a(libsoftdevice_controller_s112_debug_soft__obfuscated.elf)
                0x0000000000000684                sym_CEENVC5DZRUT7MGF5LABXKT4NV7YUL5F6EX6TEQ
 .text          0x00000000000006ac        0xc /opt/nordic/ncs/v3.0.2/nrfxlib/softdevice_controller/lib/nrf52/soft-float/libsoftdevice_controller_peripheral.a(libsoftdevice_controller_s112_debug_soft__obfuscated.elf)
                0x00000000000006ac                sym_G3KVRHCJDVHL7HV53526V3YI3DTK2IW2CADUWZQ
 .text          0x00000000000006b8       0x1c /opt/nordic/ncs/v3.0.2/nrfxlib/softdevice_controller/lib/nrf52/soft-float/libsoftdevice_controller_peripheral.a(libsoftdevice_controller_s112_debug_soft__obfuscated.elf)
                0x00000000000006b8                sdc_hci_cmd_cb_reset
 .text          0x00000000000006d4       0x48 /opt/nordic/ncs/v3.0.2/nrfxlib/softdevice_controller/lib/nrf52/soft-float/libsoftdevice_controller_peripheral.a(libsoftdevice_controller_s112_debug_soft__obfuscated.elf)
 .text          0x000000000000071c       0x40 /opt/nordic/ncs/v3.0.2/nrfxlib/softdevice_controller/lib/nrf52/soft-float/libsoftdevice_controller_peripheral.a(libsoftdevice_controller_s112_debug_soft__obfuscated.elf)
                0x000000000000071c                sym_T2KVJXUKBW7E6DZMIXB2ENUQYG6P2TBYLXO3PAY
 .text          0x000000000000075c       0x4c /opt/nordic/ncs/v3.0.2/nrfxlib/softdevice_controller/lib/nrf52/soft-float/libsoftdevice_controller_peripheral.a(libsoftdevice_controller_s112_debug_soft__obfuscated.elf)
 .text          0x00000000000007a8       0x10 /opt/nordic/ncs/v3.0.2/nrfxlib/softdevice_controller/lib/nrf52/soft-float/libsoftdevice_controller_peripheral.a(libsoftdevice_controller_s112_debug_soft__obfuscated.elf)
                0x00000000000007a8                sym_QFMUQVSA2RVLCOVZ24CAF3TBH45MAZ6DL5HLWKY
 .text          0x00000000000007b8      0x178 /opt/nordic/ncs/v3.0.2/nrfxlib/softdevice_controller/lib/nrf52/soft-float/libsoftdevice_controller_peripheral.a(libsoftdevice_controller_s112_debug_soft__obfuscated.elf)
                0x00000000000007b8                sym_EQ53CEL7EDVHMFMHMFPRRQU46C5YKKFEBAACFOA
 .text          0x0000000000000930       0x70 /opt/nordic/ncs/v3.0.2/nrfxlib/softdevice_controller/lib/nrf52/soft-float/libsoftdevice_controller_peripheral.a(libsoftdevice_controller_s112_debug_soft__obfuscated.elf)
                0x0000000000000930                sym_DMJHGENWVWA7ILXIIOOHU6SYMMXUDCUFUUBACLQ
 .text          0x00000000000009a0       0x7c /opt/nordic/ncs/v3.0.2/nrfxlib/softdevice_controller/lib/nrf52/soft-float/libsoftdevice_controller_peripheral.a(libsoftdevice_controller_s112_debug_soft__obfuscated.elf)
                0x00000000000009a0                sym_7JFC7IFAJQVPYCQHAIUKZ626ISM3VUWBEEXY7WI
 .text          0x0000000000000a1c       0x2c /opt/nordic/ncs/v3.0.2/nrfxlib/softdevice_controller/lib/nrf52/soft-float/libsoftdevice_controller_peripheral.a(libsoftdevice_controller_s112_debug_soft__obfuscated.elf)
                0x0000000000000a1c                sym_5X75WALYYBUWN4XT5LYOZBIGSZHVNFKF5J4CSQI
 .text          0x0000000000000a48       0x48 /opt/nordic/ncs/v3.0.2/nrfxlib/softdevice_controller/lib/nrf52/soft-float/libsoftdevice_controller_peripheral.a(libsoftdevice_controller_s112_debug_soft__obfuscated.elf)
                0x0000000000000a48                sym_4AWF7EXI3MMHUULTY73E756U3IY5DEXOZ265MZY
 .text          0x0000000000000a90       0x40 /opt/nordic/ncs/v3.0.2/nrfxlib/softdevice_controller/lib/nrf52/soft-float/libsoftdevice_controller_peripheral.a(libsoftdevice_controller_s112_debug_soft__obfuscated.elf)
                0x0000000000000a90                sym_6I4XEOIW7LI2E3Z53L54ZHQQHYICXR4H4JQWXLA
 .text          0x0000000000000ad0       0x30 /opt/nordic/ncs/v3.0.2/nrfxlib/softdevice_controller/lib/nrf52/soft-float/libsoftdevice_controller_peripheral.a(libsoftdevice_controller_s112_debug_soft__obfuscated.elf)
                0x0000000000000ad0                sym_6DYG6C6ROXZA67GZINNB2XIQHL3KE2RCKK4QFXA
 .text          0x0000000000000b00       0x7c /opt/nordic/ncs/v3.0.2/nrfxlib/softdevice_controller/lib/nrf52/soft-float/libsoftdevice_controller_peripheral.a(libsoftdevice_controller_s112_debug_soft__obfuscated.elf)
                0x0000000000000b00                sym_24NU2MJKHN4R2Z7HXHMPDWTTDYSB32VL6HEQPZA
 .text          0x0000000000000b7c       0x28 /opt/nordic/ncs/v3.0.2/nrfxlib/softdevice_controller/lib/nrf52/soft-float/libsoftdevice_controller_peripheral.a(libsoftdevice_controller_s112_debug_soft__obfuscated.elf)
                0x0000000000000b7c                sym_3QFBRH4ZSIA64QP2I3K547Y5WIALGQTCBP5Y5SQ
 .text          0x0000000000000ba4        0xc /opt/nordic/ncs/v3.0.2/nrfxlib/softdevice_controller/lib/nrf52/soft-float/libsoftdevice_controller_peripheral.a(libsoftdevice_controller_s112_debug_soft__obfuscated.elf)
                0x0000000000000ba4                sym_NOQRMQ5IH6SQFJEPI5A3UBMITO54HG4WO4DTTXA
 .text          0x0000000000000bb0       0x80 /opt/nordic/ncs/v3.0.2/nrfxlib/softdevice_controller/lib/nrf52/soft-float/libsoftdevice_controller_peripheral.a(libsoftdevice_controller_s112_debug_soft__obfuscated.elf)
                0x0000000000000bb0                sym_YL4RMM7WH2QQSRTLJX7L5Q2F5KYIEZ5IWMCN3UQ
 .text          0x0000000000000c30       0x58 /opt/nordic/ncs/v3.0.2/nrfxlib/softdevice_controller/lib/nrf52/soft-float/libsoftdevice_controller_peripheral.a(libsoftdevice_controller_s112_debug_soft__obfuscated.elf)
                0x0000000000000c30                sym_47U6MZ7GC5PU2CVEGYFSZO6JE3OMJD4DVLRAUZQ
 .text          0x0000000000000c88       0xd4 /opt/nordic/ncs/v3.0.2/nrfxlib/softdevice_controller/lib/nrf52/soft-float/libsoftdevice_controller_peripheral.a(libsoftdevice_controller_s112_debug_soft__obfuscated.elf)
                0x0000000000000c88                sym_YBUOIVJGKD57C5J4XCQFOKF4I5XT74ICLDOCNXA
 .text          0x0000000000000d5c       0x5c /opt/nordic/ncs/v3.0.2/nrfxlib/softdevice_controller/lib/nrf52/soft-float/libsoftdevice_controller_peripheral.a(libsoftdevice_controller_s112_debug_soft__obfuscated.elf)
                0x0000000000000d5c                sym_E5WZNPP2DINHF6K4PHXLYLX5AXTYBQYGQESRSGQ
 .text          0x0000000000000db8       0x20 /opt/nordic/ncs/v3.0.2/nrfxlib/softdevice_controller/lib/nrf52/soft-float/libsoftdevice_controller_peripheral.a(libsoftdevice_controller_s112_debug_soft__obfuscated.elf)
 .text          0x0000000000000dd8       0x10 /opt/nordic/ncs/v3.0.2/nrfxlib/softdevice_controller/lib/nrf52/soft-float/libsoftdevice_controller_peripheral.a(libsoftdevice_controller_s112_debug_soft__obfuscated.elf)
 .text          0x0000000000000de8        0xc /opt/nordic/ncs/v3.0.2/nrfxlib/softdevice_controller/lib/nrf52/soft-float/libsoftdevice_controller_peripheral.a(libsoftdevice_controller_s112_debug_soft__obfuscated.elf)
 .text          0x0000000000000df4       0x64 /opt/nordic/ncs/v3.0.2/nrfxlib/softdevice_controller/lib/nrf52/soft-float/libsoftdevice_controller_peripheral.a(libsoftdevice_controller_s112_debug_soft__obfuscated.elf)
 .text          0x0000000000000e58       0x14 /opt/nordic/ncs/v3.0.2/nrfxlib/softdevice_controller/lib/nrf52/soft-float/libsoftdevice_controller_peripheral.a(libsoftdevice_controller_s112_debug_soft__obfuscated.elf)
 .text          0x0000000000000e6c       0x80 /opt/nordic/ncs/v3.0.2/nrfxlib/softdevice_controller/lib/nrf52/soft-float/libsoftdevice_controller_peripheral.a(libsoftdevice_controller_s112_debug_soft__obfuscated.elf)
 .text          0x0000000000000eec       0x2c /opt/nordic/ncs/v3.0.2/nrfxlib/softdevice_controller/lib/nrf52/soft-float/libsoftdevice_controller_peripheral.a(libsoftdevice_controller_s112_debug_soft__obfuscated.elf)
 .text          0x0000000000000f18       0x40 /opt/nordic/ncs/v3.0.2/nrfxlib/softdevice_controller/lib/nrf52/soft-float/libsoftdevice_controller_peripheral.a(libsoftdevice_controller_s112_debug_soft__obfuscated.elf)
 .text          0x0000000000000f58      0x11c /opt/nordic/ncs/v3.0.2/nrfxlib/softdevice_controller/lib/nrf52/soft-float/libsoftdevice_controller_peripheral.a(libsoftdevice_controller_s112_debug_soft__obfuscated.elf)
 .text          0x0000000000001074       0x20 /opt/nordic/ncs/v3.0.2/nrfxlib/softdevice_controller/lib/nrf52/soft-float/libsoftdevice_controller_peripheral.a(libsoftdevice_controller_s112_debug_soft__obfuscated.elf)
                0x0000000000001074                sym_DOZBRJLK4YK3UIAPC27JGEBDCH5Y2BCX3XMRURY
 .text          0x0000000000001094       0x38 /opt/nordic/ncs/v3.0.2/nrfxlib/softdevice_controller/lib/nrf52/soft-float/libsoftdevice_controller_peripheral.a(libsoftdevice_controller_s112_debug_soft__obfuscated.elf)
                0x0000000000001094                sym_7TCX7VR3LQDB2G4LYUM4YUKX3ZVIO33J3JZVMKY
 .text          0x00000000000010cc       0x10 /opt/nordic/ncs/v3.0.2/nrfxlib/softdevice_controller/lib/nrf52/soft-float/libsoftdevice_controller_peripheral.a(libsoftdevice_controller_s112_debug_soft__obfuscated.elf)
                0x00000000000010cc                sym_DDEKRCVCBAV6DMR2JGOTTXJPMB6OW3IK3MJRV2Q
 .text          0x00000000000010dc      0x208 /opt/nordic/ncs/v3.0.2/nrfxlib/softdevice_controller/lib/nrf52/soft-float/libsoftdevice_controller_peripheral.a(libsoftdevice_controller_s112_debug_soft__obfuscated.elf)
                0x00000000000010dc                sym_EXF7QYQZRNDSXD5BXX5JHASOOMIXFF6ILEF5NVA
 .text          0x00000000000012e4       0x38 /opt/nordic/ncs/v3.0.2/nrfxlib/softdevice_controller/lib/nrf52/soft-float/libsoftdevice_controller_peripheral.a(libsoftdevice_controller_s112_debug_soft__obfuscated.elf)
                0x00000000000012e4                sym_6BTYZXVNYPYTH2WUVFE5C5JVTZHQJAJ5IGD6OCA
 .text          0x000000000000131c        0xc /opt/nordic/ncs/v3.0.2/nrfxlib/softdevice_controller/lib/nrf52/soft-float/libsoftdevice_controller_peripheral.a(libsoftdevice_controller_s112_debug_soft__obfuscated.elf)
                0x000000000000131c                sym_UAPFH34IEHUX3FGU7LNPEIJNCLAPRJP46TMN4NY
 .text          0x0000000000001328        0xc /opt/nordic/ncs/v3.0.2/nrfxlib/softdevice_controller/lib/nrf52/soft-float/libsoftdevice_controller_peripheral.a(libsoftdevice_controller_s112_debug_soft__obfuscated.elf)
                0x0000000000001328                sym_R2K72KVDRFDRB7INCDL2G5SJCI6KNYCIUBETXWY
 .text          0x0000000000001334       0x10 /opt/nordic/ncs/v3.0.2/nrfxlib/softdevice_controller/lib/nrf52/soft-float/libsoftdevice_controller_peripheral.a(libsoftdevice_controller_s112_debug_soft__obfuscated.elf)
                0x0000000000001334                sym_HMWMSCLS2E7KO3CEVZ6FUZGM6YUJ4GDX4JETJTI
 .text          0x0000000000001344        0xc /opt/nordic/ncs/v3.0.2/nrfxlib/softdevice_controller/lib/nrf52/soft-float/libsoftdevice_controller_peripheral.a(libsoftdevice_controller_s112_debug_soft__obfuscated.elf)
                0x0000000000001344                sym_57CDLB7NR4I66F4XUEVXWWEJBBBXGSJ37LGPUXA
 .text          0x0000000000001350       0x84 /opt/nordic/ncs/v3.0.2/nrfxlib/softdevice_controller/lib/nrf52/soft-float/libsoftdevice_controller_peripheral.a(libsoftdevice_controller_s112_debug_soft__obfuscated.elf)
                0x0000000000001350                sym_C4ZAWP4QAOEKUKS7VCLA6E4RPDOWCDVMBYVKPFI
 .text          0x00000000000013d4      0x4ac /opt/nordic/ncs/v3.0.2/nrfxlib/softdevice_controller/lib/nrf52/soft-float/libsoftdevice_controller_peripheral.a(libsoftdevice_controller_s112_debug_soft__obfuscated.elf)
 .text          0x0000000000001880       0x10 /opt/nordic/ncs/v3.0.2/nrfxlib/softdevice_controller/lib/nrf52/soft-float/libsoftdevice_controller_peripheral.a(libsoftdevice_controller_s112_debug_soft__obfuscated.elf)
 .text          0x0000000000001890       0x1c /opt/nordic/ncs/v3.0.2/nrfxlib/softdevice_controller/lib/nrf52/soft-float/libsoftdevice_controller_peripheral.a(libsoftdevice_controller_s112_debug_soft__obfuscated.elf)
 .text          0x00000000000018ac      0x510 /opt/nordic/ncs/v3.0.2/nrfxlib/softdevice_controller/lib/nrf52/soft-float/libsoftdevice_controller_peripheral.a(libsoftdevice_controller_s112_debug_soft__obfuscated.elf)
 .text          0x0000000000001dbc      0x13c /opt/nordic/ncs/v3.0.2/nrfxlib/softdevice_controller/lib/nrf52/soft-float/libsoftdevice_controller_peripheral.a(libsoftdevice_controller_s112_debug_soft__obfuscated.elf)
                0x0000000000001dbc                sym_U3OFHSWAAHECAZEDHWSQTU63SOSYAQR6QI45AFY
 .text          0x0000000000001ef8       0x8c /opt/nordic/ncs/v3.0.2/nrfxlib/softdevice_controller/lib/nrf52/soft-float/libsoftdevice_controller_peripheral.a(libsoftdevice_controller_s112_debug_soft__obfuscated.elf)
                0x0000000000001ef8                sym_3LXCSEW4O4NZFGMXLMWXSJJVGEQV4VDRFCVRV4Q
 .text          0x0000000000001f84       0x1c /opt/nordic/ncs/v3.0.2/nrfxlib/softdevice_controller/lib/nrf52/soft-float/libsoftdevice_controller_peripheral.a(libsoftdevice_controller_s112_debug_soft__obfuscated.elf)
                0x0000000000001f84                sym_4O3EP57XWWWRY57PVJMDKXNE25ZWFBDV6LLBFQQ
 .text          0x0000000000001fa0        0xc /opt/nordic/ncs/v3.0.2/nrfxlib/softdevice_controller/lib/nrf52/soft-float/libsoftdevice_controller_peripheral.a(libsoftdevice_controller_s112_debug_soft__obfuscated.elf)
                0x0000000000001fa0                sym_O6J3MUC4KJEDMNJLCC5Z3G5LTC5IHVL4PW7F6QI
 .text          0x0000000000001fac       0x1c /opt/nordic/ncs/v3.0.2/nrfxlib/softdevice_controller/lib/nrf52/soft-float/libsoftdevice_controller_peripheral.a(libsoftdevice_controller_s112_debug_soft__obfuscated.elf)
                0x0000000000001fac                sym_FQCHK2QLF7THGK7G4A4OWWNXI3K2TVYTTB4U4GY
 .text          0x0000000000001fc8      0x1a0 /opt/nordic/ncs/v3.0.2/nrfxlib/softdevice_controller/lib/nrf52/soft-float/libsoftdevice_controller_peripheral.a(libsoftdevice_controller_s112_debug_soft__obfuscated.elf)
                0x0000000000001fc8                sym_EXAZKO22MNOFNIXIFHQ2Z4GAYMKBCE2UPJ6JSVI
 .text          0x0000000000002168       0x7c /opt/nordic/ncs/v3.0.2/nrfxlib/softdevice_controller/lib/nrf52/soft-float/libsoftdevice_controller_peripheral.a(libsoftdevice_controller_s112_debug_soft__obfuscated.elf)
                0x0000000000002168                sym_XVWN3IZ65SG2YZAV5STIEBPJ2RGWTP2JZ3UEJLQ
 .text          0x00000000000021e4        0xc /opt/nordic/ncs/v3.0.2/nrfxlib/softdevice_controller/lib/nrf52/soft-float/libsoftdevice_controller_peripheral.a(libsoftdevice_controller_s112_debug_soft__obfuscated.elf)
                0x00000000000021e4                sym_YZMCMF2VDK5EZ5GH5K4G77V4XY7KHBJNPGELPVQ
 .text          0x00000000000021f0       0x60 /opt/nordic/ncs/v3.0.2/nrfxlib/softdevice_controller/lib/nrf52/soft-float/libsoftdevice_controller_peripheral.a(libsoftdevice_controller_s112_debug_soft__obfuscated.elf)
                0x00000000000021f0                sym_HRCF6LWSDWPWEZA7S5YQFCNRDXXCJA6WGOZECRY
 .text          0x0000000000002250       0xc8 /opt/nordic/ncs/v3.0.2/nrfxlib/softdevice_controller/lib/nrf52/soft-float/libsoftdevice_controller_peripheral.a(libsoftdevice_controller_s112_debug_soft__obfuscated.elf)
                0x0000000000002250                sym_7OWCT6RQNC7NMJTETN4SHKZQ2DXHZYW5I4QMKDQ
 .text          0x0000000000002318       0x34 /opt/nordic/ncs/v3.0.2/nrfxlib/softdevice_controller/lib/nrf52/soft-float/libsoftdevice_controller_peripheral.a(libsoftdevice_controller_s112_debug_soft__obfuscated.elf)
                0x0000000000002318                sym_APXCWAGUBVOVC7H47YUQ2L4IAV2DPJETCDCHIVA
 .text          0x000000000000234c       0x50 /opt/nordic/ncs/v3.0.2/nrfxlib/softdevice_controller/lib/nrf52/soft-float/libsoftdevice_controller_peripheral.a(libsoftdevice_controller_s112_debug_soft__obfuscated.elf)
                0x000000000000234c                sym_RGKYP5TXYS27EGT6ZHZS5EDDAZK5QGTWLBOBJEA
 .text          0x000000000000239c       0x18 /opt/nordic/ncs/v3.0.2/nrfxlib/softdevice_controller/lib/nrf52/soft-float/libsoftdevice_controller_peripheral.a(libsoftdevice_controller_s112_debug_soft__obfuscated.elf)
                0x000000000000239c                sym_5EMU3BEOS6JCQEXTZ5M5LP72YGJNCV3W3R43AOI
 .text          0x00000000000023b4       0xe4 /opt/nordic/ncs/v3.0.2/nrfxlib/softdevice_controller/lib/nrf52/soft-float/libsoftdevice_controller_peripheral.a(libsoftdevice_controller_s112_debug_soft__obfuscated.elf)
                0x00000000000023b4                sym_DVO2EX3JGPIV6FVT5SJBVRKA5UGS2QSHNQOVQ2A
 .text          0x0000000000002498      0x100 /opt/nordic/ncs/v3.0.2/nrfxlib/softdevice_controller/lib/nrf52/soft-float/libsoftdevice_controller_peripheral.a(libsoftdevice_controller_s112_debug_soft__obfuscated.elf)
 .text          0x0000000000002598       0x14 /opt/nordic/ncs/v3.0.2/nrfxlib/softdevice_controller/lib/nrf52/soft-float/libsoftdevice_controller_peripheral.a(libsoftdevice_controller_s112_debug_soft__obfuscated.elf)
                0x0000000000002598                sym_Y5RIWFUVP4FHJFYC7FBZKM2MV7INK43TLWQ5URA
 .text          0x00000000000025ac       0x68 /opt/nordic/ncs/v3.0.2/nrfxlib/softdevice_controller/lib/nrf52/soft-float/libsoftdevice_controller_peripheral.a(libsoftdevice_controller_s112_debug_soft__obfuscated.elf)
                0x00000000000025ac                sym_CY3FVUNSUUR4I46K644NW3FXSFSLG3ETQWBRBHQ
 .text          0x0000000000002614       0x30 /opt/nordic/ncs/v3.0.2/nrfxlib/softdevice_controller/lib/nrf52/soft-float/libsoftdevice_controller_peripheral.a(libsoftdevice_controller_s112_debug_soft__obfuscated.elf)
                0x0000000000002614                sym_JYVNTINWWHBNIBW6ZPFJYFKZBQTI25EUE75U36Y
 .text          0x0000000000002644       0x14 /opt/nordic/ncs/v3.0.2/nrfxlib/softdevice_controller/lib/nrf52/soft-float/libsoftdevice_controller_peripheral.a(libsoftdevice_controller_s112_debug_soft__obfuscated.elf)
                0x0000000000002644                sym_THL6EKGE7AKTO5JDGU45MV33YSIXORBRMDECS2Q
 .text          0x0000000000002658       0x5c /opt/nordic/ncs/v3.0.2/nrfxlib/softdevice_controller/lib/nrf52/soft-float/libsoftdevice_controller_peripheral.a(libsoftdevice_controller_s112_debug_soft__obfuscated.elf)
                0x0000000000002658                sym_4POEZKL66A5T3356722OWKNB5CNFKPMV6JI3HEA
 .text          0x00000000000026b4       0x68 /opt/nordic/ncs/v3.0.2/nrfxlib/softdevice_controller/lib/nrf52/soft-float/libsoftdevice_controller_peripheral.a(libsoftdevice_controller_s112_debug_soft__obfuscated.elf)
                0x00000000000026b4                sym_IP3LLUNJTDBIIPB3UG65MJFJZABGVNT2GN3EQPY
 .text          0x000000000000271c      0x1a0 /opt/nordic/ncs/v3.0.2/nrfxlib/softdevice_controller/lib/nrf52/soft-float/libsoftdevice_controller_peripheral.a(libsoftdevice_controller_s112_debug_soft__obfuscated.elf)
                0x000000000000271c                sym_A32XXMQ5QRPQRH3R656RZXETZB6Y54SG45FSCYI
 .text          0x00000000000028bc       0xd0 /opt/nordic/ncs/v3.0.2/nrfxlib/softdevice_controller/lib/nrf52/soft-float/libsoftdevice_controller_peripheral.a(libsoftdevice_controller_s112_debug_soft__obfuscated.elf)
                0x00000000000028bc                sym_CC522QK4M5MTSPVPJNGJXKYD5O54FC2LFC3D3QI
 .text          0x000000000000298c       0x2c /opt/nordic/ncs/v3.0.2/nrfxlib/softdevice_controller/lib/nrf52/soft-float/libsoftdevice_controller_peripheral.a(libsoftdevice_controller_s112_debug_soft__obfuscated.elf)
                0x000000000000298c                sym_XQWU4MX22DPQIRRYTXBNWTH2DBYK7MH33FME7FI
 .text          0x00000000000029b8       0x10 /opt/nordic/ncs/v3.0.2/nrfxlib/softdevice_controller/lib/nrf52/soft-float/libsoftdevice_controller_peripheral.a(libsoftdevice_controller_s112_debug_soft__obfuscated.elf)
                0x00000000000029b8                sym_DVVOECRRYK6EAGDREB2UKKQZT5MAOOUK66XNPTA
 .text          0x00000000000029c8       0x18 /opt/nordic/ncs/v3.0.2/nrfxlib/softdevice_controller/lib/nrf52/soft-float/libsoftdevice_controller_peripheral.a(libsoftdevice_controller_s112_debug_soft__obfuscated.elf)
                0x00000000000029c8                sym_CTIZP4PFSP4VPO64SY4WNQXXAO6AQ4FBRX2MZ2Y
 .text          0x00000000000029e0       0x1c /opt/nordic/ncs/v3.0.2/nrfxlib/softdevice_controller/lib/nrf52/soft-float/libsoftdevice_controller_peripheral.a(libsoftdevice_controller_s112_debug_soft__obfuscated.elf)
                0x00000000000029e0                sym_PT2LT65JTEWXEGBFKFJG6BCMFVOJAD3UAGCYAUI
 .text          0x00000000000029fc       0x18 /opt/nordic/ncs/v3.0.2/nrfxlib/softdevice_controller/lib/nrf52/soft-float/libsoftdevice_controller_peripheral.a(libsoftdevice_controller_s112_debug_soft__obfuscated.elf)
 .text          0x0000000000002a14       0x34 /opt/nordic/ncs/v3.0.2/nrfxlib/softdevice_controller/lib/nrf52/soft-float/libsoftdevice_controller_peripheral.a(libsoftdevice_controller_s112_debug_soft__obfuscated.elf)
 .text          0x0000000000002a48       0x28 /opt/nordic/ncs/v3.0.2/nrfxlib/softdevice_controller/lib/nrf52/soft-float/libsoftdevice_controller_peripheral.a(libsoftdevice_controller_s112_debug_soft__obfuscated.elf)
                0x0000000000002a48                sym_EANB2LFFCPDZUHTPF7SNNYVWVGG3AE7JVOONSTY
 .text          0x0000000000002a70       0x38 /opt/nordic/ncs/v3.0.2/nrfxlib/softdevice_controller/lib/nrf52/soft-float/libsoftdevice_controller_peripheral.a(libsoftdevice_controller_s112_debug_soft__obfuscated.elf)
                0x0000000000002a70                sym_BFBDHRTPYGNRMJSAT7WCAPOXBGIVSWF4E5GFHOA
 .text          0x0000000000002aa8        0xc /opt/nordic/ncs/v3.0.2/nrfxlib/softdevice_controller/lib/nrf52/soft-float/libsoftdevice_controller_peripheral.a(libsoftdevice_controller_s112_debug_soft__obfuscated.elf)
                0x0000000000002aa8                sym_PRWTRTI5GPQHIT26MFBSSOCWTUYYRLQLJWD2ZOI
 .text          0x0000000000002ab4       0x24 /opt/nordic/ncs/v3.0.2/nrfxlib/softdevice_controller/lib/nrf52/soft-float/libsoftdevice_controller_peripheral.a(libsoftdevice_controller_s112_debug_soft__obfuscated.elf)
                0x0000000000002ab4                sym_G4TIIR7KO3GHFF45HCHTIL3RIPRK2LVDQADUYJQ
 .text          0x0000000000002ad8        0xc /opt/nordic/ncs/v3.0.2/nrfxlib/softdevice_controller/lib/nrf52/soft-float/libsoftdevice_controller_peripheral.a(libsoftdevice_controller_s112_debug_soft__obfuscated.elf)
                0x0000000000002ad8                sym_HG37ZAHWDO2P65KBJXRLV5PVSG5TCUWPMKZOZLQ
 .text          0x0000000000002ae4       0x24 /opt/nordic/ncs/v3.0.2/nrfxlib/softdevice_controller/lib/nrf52/soft-float/libsoftdevice_controller_peripheral.a(libsoftdevice_controller_s112_debug_soft__obfuscated.elf)
                0x0000000000002ae4                sym_4W26TPGCKOCVVRKXQDBKGXGC2Y5LMZXNKS2QITA
 .text          0x0000000000002b08       0x1c /opt/nordic/ncs/v3.0.2/nrfxlib/softdevice_controller/lib/nrf52/soft-float/libsoftdevice_controller_peripheral.a(libsoftdevice_controller_s112_debug_soft__obfuscated.elf)
                0x0000000000002b08                sym_N6TOG3AODPPFNS6LXFKKIADNGIMUMBS5BXPEFOY
 .text          0x0000000000002b24        0xc /opt/nordic/ncs/v3.0.2/nrfxlib/softdevice_controller/lib/nrf52/soft-float/libsoftdevice_controller_peripheral.a(libsoftdevice_controller_s112_debug_soft__obfuscated.elf)
                0x0000000000002b24                sym_PBZPB3PSJJYSQQW7TH2XDGNLD2UYSZR6YJ4ZZNQ
 .text          0x0000000000002b30       0x14 /opt/nordic/ncs/v3.0.2/nrfxlib/softdevice_controller/lib/nrf52/soft-float/libsoftdevice_controller_peripheral.a(libsoftdevice_controller_s112_debug_soft__obfuscated.elf)
                0x0000000000002b30                sym_HA7EOSELAQYVMG5UXMJGQLLFEIRQPB7MNOSYOXQ
 .text          0x0000000000002b44       0x30 /opt/nordic/ncs/v3.0.2/nrfxlib/softdevice_controller/lib/nrf52/soft-float/libsoftdevice_controller_peripheral.a(libsoftdevice_controller_s112_debug_soft__obfuscated.elf)
                0x0000000000002b44                sym_MJMICEV3AHUJUDNI6JLXYNXCJNL4PTPUQLXISYA
 .text          0x0000000000002b74       0x50 /opt/nordic/ncs/v3.0.2/nrfxlib/softdevice_controller/lib/nrf52/soft-float/libsoftdevice_controller_peripheral.a(libsoftdevice_controller_s112_debug_soft__obfuscated.elf)
                0x0000000000002b74                sym_GECJUMXC7GX4QNB2JHCJHLFH72UPMJZW6VAQVRA
 .text          0x0000000000002bc4       0x28 /opt/nordic/ncs/v3.0.2/nrfxlib/softdevice_controller/lib/nrf52/soft-float/libsoftdevice_controller_peripheral.a(libsoftdevice_controller_s112_debug_soft__obfuscated.elf)
                0x0000000000002bc4                sym_BOFYMMO2XEUTXLE26SHEVVPNVILC4XKISLRYGBI
 .text          0x0000000000002bec      0x1e0 /opt/nordic/ncs/v3.0.2/nrfxlib/softdevice_controller/lib/nrf52/soft-float/libsoftdevice_controller_peripheral.a(libsoftdevice_controller_s112_debug_soft__obfuscated.elf)
                0x0000000000002bec                sym_5AGU3LRCMVBHIA54A3ONXYPBDIAMDNM2I6LE6DA
 .text          0x0000000000002dcc       0x18 /opt/nordic/ncs/v3.0.2/nrfxlib/softdevice_controller/lib/nrf52/soft-float/libsoftdevice_controller_peripheral.a(libsoftdevice_controller_s112_debug_soft__obfuscated.elf)
                0x0000000000002dcc                sym_MJCF2WRL4I323V23HKVENOJWV5IXH54R5X6LJRY
 .text          0x0000000000002de4       0x1c /opt/nordic/ncs/v3.0.2/nrfxlib/softdevice_controller/lib/nrf52/soft-float/libsoftdevice_controller_peripheral.a(libsoftdevice_controller_s112_debug_soft__obfuscated.elf)
                0x0000000000002de4                sym_REO6MG4FRJTNQQ56RDJDYGEWFEO5TFVYGRW6OLI
 .text          0x0000000000002e00        0xc /opt/nordic/ncs/v3.0.2/nrfxlib/softdevice_controller/lib/nrf52/soft-float/libsoftdevice_controller_peripheral.a(libsoftdevice_controller_s112_debug_soft__obfuscated.elf)
                0x0000000000002e00                sym_NKFCLZ5HTE6KVHDV5DGZ6TJP4KSZI43SYBECPRY
 .text          0x0000000000002e0c       0x2c /opt/nordic/ncs/v3.0.2/nrfxlib/softdevice_controller/lib/nrf52/soft-float/libsoftdevice_controller_peripheral.a(libsoftdevice_controller_s112_debug_soft__obfuscated.elf)
                0x0000000000002e0c                sym_65LA7GM3MU7DDFQKTB75BYTZMPMROSWKS3VXCNI
 .text          0x0000000000002e38       0x20 /opt/nordic/ncs/v3.0.2/nrfxlib/softdevice_controller/lib/nrf52/soft-float/libsoftdevice_controller_peripheral.a(libsoftdevice_controller_s112_debug_soft__obfuscated.elf)
                0x0000000000002e38                sym_AGWGY6I3YKHHV6TMAWL24HN4IKGOB7PZYXPWBRA
 .text          0x0000000000002e58        0xc /opt/nordic/ncs/v3.0.2/nrfxlib/softdevice_controller/lib/nrf52/soft-float/libsoftdevice_controller_peripheral.a(libsoftdevice_controller_s112_debug_soft__obfuscated.elf)
                0x0000000000002e58                sym_IXGTNRGKILIZPWG2NJIZ2ALUPW2IM3XFVCGJW2I
 .text          0x0000000000002e64       0x20 /opt/nordic/ncs/v3.0.2/nrfxlib/softdevice_controller/lib/nrf52/soft-float/libsoftdevice_controller_peripheral.a(libsoftdevice_controller_s112_debug_soft__obfuscated.elf)
                0x0000000000002e64                sym_JHXS4T25BAYOMDDZMWPX3HMPENRV73GSV2RYHAI
 .text          0x0000000000002e84       0x2c /opt/nordic/ncs/v3.0.2/nrfxlib/softdevice_controller/lib/nrf52/soft-float/libsoftdevice_controller_peripheral.a(libsoftdevice_controller_s112_debug_soft__obfuscated.elf)
                0x0000000000002e84                sym_54CHYGRI3UHSVLN5ZOGJESXNRISJW5CS4IYBN7Y
 .text          0x0000000000002eb0       0x1c /opt/nordic/ncs/v3.0.2/nrfxlib/softdevice_controller/lib/nrf52/soft-float/libsoftdevice_controller_peripheral.a(libsoftdevice_controller_s112_debug_soft__obfuscated.elf)
                0x0000000000002eb0                sym_V7MOOXL5SOLISKFFGWJC7M3XDITU574WBQOXGWY
 .text          0x0000000000002ecc       0x30 /opt/nordic/ncs/v3.0.2/nrfxlib/softdevice_controller/lib/nrf52/soft-float/libsoftdevice_controller_peripheral.a(libsoftdevice_controller_s112_debug_soft__obfuscated.elf)
                0x0000000000002ecc                sym_QKSVBALUN2V4XT4OCC56LE75IAYLDFRRIVLBZ2Q
 .text          0x0000000000002efc       0x30 /opt/nordic/ncs/v3.0.2/nrfxlib/softdevice_controller/lib/nrf52/soft-float/libsoftdevice_controller_peripheral.a(libsoftdevice_controller_s112_debug_soft__obfuscated.elf)
                0x0000000000002efc                sym_WCOWXKSKBH7DOKKKINFZAPWXKW4NYAUCJWTUKBI
 .text          0x0000000000002f2c       0x1c /opt/nordic/ncs/v3.0.2/nrfxlib/softdevice_controller/lib/nrf52/soft-float/libsoftdevice_controller_peripheral.a(libsoftdevice_controller_s112_debug_soft__obfuscated.elf)
                0x0000000000002f2c                sym_AO3U45UEGFLUPMT565ZR5UWUQUONF5AKILLCT3A
 .text          0x0000000000002f48       0x48 /opt/nordic/ncs/v3.0.2/nrfxlib/softdevice_controller/lib/nrf52/soft-float/libsoftdevice_controller_peripheral.a(libsoftdevice_controller_s112_debug_soft__obfuscated.elf)
 .text          0x0000000000002f90       0x2c /opt/nordic/ncs/v3.0.2/nrfxlib/softdevice_controller/lib/nrf52/soft-float/libsoftdevice_controller_peripheral.a(libsoftdevice_controller_s112_debug_soft__obfuscated.elf)
 .text          0x0000000000002fbc       0x9c /opt/nordic/ncs/v3.0.2/nrfxlib/softdevice_controller/lib/nrf52/soft-float/libsoftdevice_controller_peripheral.a(libsoftdevice_controller_s112_debug_soft__obfuscated.elf)
 .text          0x0000000000003058       0xc0 /opt/nordic/ncs/v3.0.2/nrfxlib/softdevice_controller/lib/nrf52/soft-float/libsoftdevice_controller_peripheral.a(libsoftdevice_controller_s112_debug_soft__obfuscated.elf)
 .text          0x0000000000003118       0x18 /opt/nordic/ncs/v3.0.2/nrfxlib/softdevice_controller/lib/nrf52/soft-float/libsoftdevice_controller_peripheral.a(libsoftdevice_controller_s112_debug_soft__obfuscated.elf)
                0x0000000000003118                sym_BEUFSWAQKCWS5CDGVZRIC3BRKSTHGOKRJJDB32I
 .text          0x0000000000003130       0x18 /opt/nordic/ncs/v3.0.2/nrfxlib/softdevice_controller/lib/nrf52/soft-float/libsoftdevice_controller_peripheral.a(libsoftdevice_controller_s112_debug_soft__obfuscated.elf)
                0x0000000000003130                sym_BAUTABQSJLBAZ6GNH7KOF4MJMAA6NF7CDAZNOEQ
 .text          0x0000000000003148       0x20 /opt/nordic/ncs/v3.0.2/nrfxlib/softdevice_controller/lib/nrf52/soft-float/libsoftdevice_controller_peripheral.a(libsoftdevice_controller_s112_debug_soft__obfuscated.elf)
                0x0000000000003148                sym_62DUXM4M5AM4URNPP7IKDX3NCPAODBT4BMADGAY
 .text          0x0000000000003168        0xc /opt/nordic/ncs/v3.0.2/nrfxlib/softdevice_controller/lib/nrf52/soft-float/libsoftdevice_controller_peripheral.a(libsoftdevice_controller_s112_debug_soft__obfuscated.elf)
                0x0000000000003168                sym_JQOBED6Y6P46KNYF2UD53QPDVNRPPOKMQL6EEBY
 .text          0x0000000000003174        0xc /opt/nordic/ncs/v3.0.2/nrfxlib/softdevice_controller/lib/nrf52/soft-float/libsoftdevice_controller_peripheral.a(libsoftdevice_controller_s112_debug_soft__obfuscated.elf)
                0x0000000000003174                sym_RHRHCWPUPZHCOID576WBS7QZ2KAUT2GASS2T3QY
 .text          0x0000000000003180       0x30 /opt/nordic/ncs/v3.0.2/nrfxlib/softdevice_controller/lib/nrf52/soft-float/libsoftdevice_controller_peripheral.a(libsoftdevice_controller_s112_debug_soft__obfuscated.elf)
                0x0000000000003180                sym_YAOI5BW7G2C6EUUY2B4S7A3CWX63A6MP2T3O5KA
 .text          0x00000000000031b0       0x24 /opt/nordic/ncs/v3.0.2/nrfxlib/softdevice_controller/lib/nrf52/soft-float/libsoftdevice_controller_peripheral.a(libsoftdevice_controller_s112_debug_soft__obfuscated.elf)
                0x00000000000031b0                sym_2X6ZBBHQKFJV27I6OQZLD4IRAL5JANEGA5N34WA
 .text          0x00000000000031d4       0xc8 /opt/nordic/ncs/v3.0.2/nrfxlib/softdevice_controller/lib/nrf52/soft-float/libsoftdevice_controller_peripheral.a(libsoftdevice_controller_s112_debug_soft__obfuscated.elf)
                0x00000000000031d4                sym_ZBPJ22BXDBC3S7A4QI6WOFWFQMYIGT2P4GNU3XA
 .text          0x000000000000329c       0x24 /opt/nordic/ncs/v3.0.2/nrfxlib/softdevice_controller/lib/nrf52/soft-float/libsoftdevice_controller_peripheral.a(libsoftdevice_controller_s112_debug_soft__obfuscated.elf)
                0x000000000000329c                sym_DHR6XELGSD2MHYS7JWGEPSKXD43VLKKJDN33HMA
 .text          0x00000000000032c0       0x20 /opt/nordic/ncs/v3.0.2/nrfxlib/softdevice_controller/lib/nrf52/soft-float/libsoftdevice_controller_peripheral.a(libsoftdevice_controller_s112_debug_soft__obfuscated.elf)
                0x00000000000032c0                sym_QEQGMTIGG3AOZQY7JM4T2FY2O3KM2UFUMT6Q7PI
 .text          0x00000000000032e0       0x50 /opt/nordic/ncs/v3.0.2/nrfxlib/softdevice_controller/lib/nrf52/soft-float/libsoftdevice_controller_peripheral.a(libsoftdevice_controller_s112_debug_soft__obfuscated.elf)
 .text          0x0000000000003330       0xc4 /opt/nordic/ncs/v3.0.2/nrfxlib/softdevice_controller/lib/nrf52/soft-float/libsoftdevice_controller_peripheral.a(libsoftdevice_controller_s112_debug_soft__obfuscated.elf)
                0x0000000000003330                sym_4NT3PFFI5Z6RN57T2HW54HJZ23JEQUTUQPJLJGI
 .text          0x00000000000033f4       0x14 /opt/nordic/ncs/v3.0.2/nrfxlib/softdevice_controller/lib/nrf52/soft-float/libsoftdevice_controller_peripheral.a(libsoftdevice_controller_s112_debug_soft__obfuscated.elf)
                0x00000000000033f4                sym_AIEQYZJFZQBQ5LEMJNMQV56TMLIGCBAC63QLHGI
 .text          0x0000000000003408       0x24 /opt/nordic/ncs/v3.0.2/nrfxlib/softdevice_controller/lib/nrf52/soft-float/libsoftdevice_controller_peripheral.a(libsoftdevice_controller_s112_debug_soft__obfuscated.elf)
                0x0000000000003408                sym_MYZDSWHZMVTUGPWK7CFFVMNCPRPZBKC3UH2GTLQ
 .text          0x000000000000342c       0x44 /opt/nordic/ncs/v3.0.2/nrfxlib/softdevice_controller/lib/nrf52/soft-float/libsoftdevice_controller_peripheral.a(libsoftdevice_controller_s112_debug_soft__obfuscated.elf)
                0x000000000000342c                sym_ZIE6EQ2YDF5ZLLLNRMU6NPOFHB7VMBHYMI4646I
 .text          0x0000000000003470       0x10 /opt/nordic/ncs/v3.0.2/nrfxlib/softdevice_controller/lib/nrf52/soft-float/libsoftdevice_controller_peripheral.a(libsoftdevice_controller_s112_debug_soft__obfuscated.elf)
                0x0000000000003470                sym_JANNQMW3JZGYLNSOPAA2HBYBA6JBSX4W7VBR56Q
 .text          0x0000000000003480       0x20 /opt/nordic/ncs/v3.0.2/nrfxlib/softdevice_controller/lib/nrf52/soft-float/libsoftdevice_controller_peripheral.a(libsoftdevice_controller_s112_debug_soft__obfuscated.elf)
                0x0000000000003480                sym_MAOKHHVPGVT23KVRN33B7KPEJU6F55EB66KOGDQ
 .text          0x00000000000034a0       0x20 /opt/nordic/ncs/v3.0.2/nrfxlib/softdevice_controller/lib/nrf52/soft-float/libsoftdevice_controller_peripheral.a(libsoftdevice_controller_s112_debug_soft__obfuscated.elf)
                0x00000000000034a0                sym_S635TH4ZNECIWRKFWYBUXBZ3GFP7WORE4PRXDPQ
 .text          0x00000000000034c0       0x34 /opt/nordic/ncs/v3.0.2/nrfxlib/softdevice_controller/lib/nrf52/soft-float/libsoftdevice_controller_peripheral.a(libsoftdevice_controller_s112_debug_soft__obfuscated.elf)
                0x00000000000034c0                sym_3S3ZPZTS3JKT3LR3P6QZ3KOW4P72YQZEIQOYGSA
 .text          0x00000000000034f4       0x3c /opt/nordic/ncs/v3.0.2/nrfxlib/softdevice_controller/lib/nrf52/soft-float/libsoftdevice_controller_peripheral.a(libsoftdevice_controller_s112_debug_soft__obfuscated.elf)
                0x00000000000034f4                sym_U3LPDM4ZN7F4EBRA6GBYBEUAHXDWZU7U4P3OZRQ
 .text          0x0000000000003530       0x9c /opt/nordic/ncs/v3.0.2/nrfxlib/softdevice_controller/lib/nrf52/soft-float/libsoftdevice_controller_peripheral.a(libsoftdevice_controller_s112_debug_soft__obfuscated.elf)
 .text          0x00000000000035cc       0x10 /opt/nordic/ncs/v3.0.2/nrfxlib/softdevice_controller/lib/nrf52/soft-float/libsoftdevice_controller_peripheral.a(libsoftdevice_controller_s112_debug_soft__obfuscated.elf)
                0x00000000000035cc                sym_N2NJCIBZFHVP7II7LSOD6U4WPOYSC3U3IRJ6NLY
 .text          0x00000000000035dc       0x14 /opt/nordic/ncs/v3.0.2/nrfxlib/softdevice_controller/lib/nrf52/soft-float/libsoftdevice_controller_peripheral.a(libsoftdevice_controller_s112_debug_soft__obfuscated.elf)
                0x00000000000035dc                sym_56NG23UACCBJRJHKQI4X4VNMARWQXHUE4R3NK7I
 .text          0x00000000000035f0       0x10 /opt/nordic/ncs/v3.0.2/nrfxlib/softdevice_controller/lib/nrf52/soft-float/libsoftdevice_controller_peripheral.a(libsoftdevice_controller_s112_debug_soft__obfuscated.elf)
 .text          0x0000000000003600       0xb4 /opt/nordic/ncs/v3.0.2/nrfxlib/softdevice_controller/lib/nrf52/soft-float/libsoftdevice_controller_peripheral.a(libsoftdevice_controller_s112_debug_soft__obfuscated.elf)
 .text          0x00000000000036b4      0x168 /opt/nordic/ncs/v3.0.2/nrfxlib/softdevice_controller/lib/nrf52/soft-float/libsoftdevice_controller_peripheral.a(libsoftdevice_controller_s112_debug_soft__obfuscated.elf)
 .text          0x000000000000381c       0x5c /opt/nordic/ncs/v3.0.2/nrfxlib/softdevice_controller/lib/nrf52/soft-float/libsoftdevice_controller_peripheral.a(libsoftdevice_controller_s112_debug_soft__obfuscated.elf)
 .text          0x0000000000003878       0x28 /opt/nordic/ncs/v3.0.2/nrfxlib/softdevice_controller/lib/nrf52/soft-float/libsoftdevice_controller_peripheral.a(libsoftdevice_controller_s112_debug_soft__obfuscated.elf)
                0x0000000000003878                sym_VKBDHCW5KWYFAEZJJBKQNHH4JDURIHHEJCK4SOA
 .text          0x00000000000038a0       0x14 /opt/nordic/ncs/v3.0.2/nrfxlib/softdevice_controller/lib/nrf52/soft-float/libsoftdevice_controller_peripheral.a(libsoftdevice_controller_s112_debug_soft__obfuscated.elf)
                0x00000000000038a0                sym_JKMI2SFC2N7KXC6XI6ZEAONO7SV2US6LWEISHOY
 .text          0x00000000000038b4        0xc /opt/nordic/ncs/v3.0.2/nrfxlib/softdevice_controller/lib/nrf52/soft-float/libsoftdevice_controller_peripheral.a(libsoftdevice_controller_s112_debug_soft__obfuscated.elf)
                0x00000000000038b4                sym_LZWMHZYOCOZFEZM63EFTHCONDNYRE5YDAMU6QDQ
 .text          0x00000000000038c0       0x10 /opt/nordic/ncs/v3.0.2/nrfxlib/softdevice_controller/lib/nrf52/soft-float/libsoftdevice_controller_peripheral.a(libsoftdevice_controller_s112_debug_soft__obfuscated.elf)
                0x00000000000038c0                sym_FHMOSTDS4FAIPN4GDRMMMBPMBOTEQ5DLCM2A23Q
 .text          0x00000000000038d0       0x24 /opt/nordic/ncs/v3.0.2/nrfxlib/softdevice_controller/lib/nrf52/soft-float/libsoftdevice_controller_peripheral.a(libsoftdevice_controller_s112_debug_soft__obfuscated.elf)
                0x00000000000038d0                sym_XOOTGCSEAKA3PUKZW3QYB4DCVC2FKUP2TS5AZ5Q
 .text          0x00000000000038f4       0x24 /opt/nordic/ncs/v3.0.2/nrfxlib/softdevice_controller/lib/nrf52/soft-float/libsoftdevice_controller_peripheral.a(libsoftdevice_controller_s112_debug_soft__obfuscated.elf)
                0x00000000000038f4                sym_XYMSM3YEXEOTUFIX3SPRBT27O44DJZKZVLNHELY
 .text          0x0000000000003918       0x1c /opt/nordic/ncs/v3.0.2/nrfxlib/softdevice_controller/lib/nrf52/soft-float/libsoftdevice_controller_peripheral.a(libsoftdevice_controller_s112_debug_soft__obfuscated.elf)
                0x0000000000003918                sym_HHT5YV37VWRBGUMO4AOJUKOJARZKAH2OUWPZF7Q
 .text          0x0000000000003934       0x24 /opt/nordic/ncs/v3.0.2/nrfxlib/softdevice_controller/lib/nrf52/soft-float/libsoftdevice_controller_peripheral.a(libsoftdevice_controller_s112_debug_soft__obfuscated.elf)
                0x0000000000003934                sym_NJ23GB56DKRDWNC3A6OFPLEADGH3SOLDHUUSOYQ
 .text          0x0000000000003958       0x24 /opt/nordic/ncs/v3.0.2/nrfxlib/softdevice_controller/lib/nrf52/soft-float/libsoftdevice_controller_peripheral.a(libsoftdevice_controller_s112_debug_soft__obfuscated.elf)
                0x0000000000003958                sym_ZWMGPE3QKJAQI4HTKIFMREKNKAUYHMAALNVM2QI
 .text          0x000000000000397c       0x18 /opt/nordic/ncs/v3.0.2/nrfxlib/softdevice_controller/lib/nrf52/soft-float/libsoftdevice_controller_peripheral.a(libsoftdevice_controller_s112_debug_soft__obfuscated.elf)
                0x000000000000397c                sym_MWHYECJZLQQJKLQZGDI66SVA3IIWYKXL7G5FMHY
 .text          0x0000000000003994       0x2c /opt/nordic/ncs/v3.0.2/nrfxlib/softdevice_controller/lib/nrf52/soft-float/libsoftdevice_controller_peripheral.a(libsoftdevice_controller_s112_debug_soft__obfuscated.elf)
                0x0000000000003994                sym_43VAZS4NQXUMOPHD7W7SYFZ3WJ6KGQYQH6UOYPQ
 .text          0x00000000000039c0       0x9c /opt/nordic/ncs/v3.0.2/nrfxlib/softdevice_controller/lib/nrf52/soft-float/libsoftdevice_controller_peripheral.a(libsoftdevice_controller_s112_debug_soft__obfuscated.elf)
                0x00000000000039c0                sym_IPYDOGNKVSD5CNASNRZPFKSG4XKU4ZG4SVERI7Q
 .text          0x0000000000003a5c       0x28 /opt/nordic/ncs/v3.0.2/nrfxlib/softdevice_controller/lib/nrf52/soft-float/libsoftdevice_controller_peripheral.a(libsoftdevice_controller_s112_debug_soft__obfuscated.elf)
                0x0000000000003a5c                sym_FKGRLSJGPWDG44KYHTBA74A2ZDKPDUWGXHS3E2I
 .text          0x0000000000003a84       0x30 /opt/nordic/ncs/v3.0.2/nrfxlib/softdevice_controller/lib/nrf52/soft-float/libsoftdevice_controller_peripheral.a(libsoftdevice_controller_s112_debug_soft__obfuscated.elf)
                0x0000000000003a84                sym_K5GMJMBHBYPRCUIWKNEXGPSNQEZKEMBAP4JWHBQ
 .text          0x0000000000003ab4       0x30 /opt/nordic/ncs/v3.0.2/nrfxlib/softdevice_controller/lib/nrf52/soft-float/libsoftdevice_controller_peripheral.a(libsoftdevice_controller_s112_debug_soft__obfuscated.elf)
                0x0000000000003ab4                sym_7LZ5OF5UTH4WGXV6IKS6GUUHKYRIWQTTIJXNBEY
 .text          0x0000000000003ae4       0x34 /opt/nordic/ncs/v3.0.2/nrfxlib/softdevice_controller/lib/nrf52/soft-float/libsoftdevice_controller_peripheral.a(libsoftdevice_controller_s112_debug_soft__obfuscated.elf)
                0x0000000000003ae4                sym_77ICNIHY2R2L3JRP4ZLMOWZSS3UZRKJXJOBWTWI
 .text          0x0000000000003b18       0xc0 /opt/nordic/ncs/v3.0.2/nrfxlib/softdevice_controller/lib/nrf52/soft-float/libsoftdevice_controller_peripheral.a(libsoftdevice_controller_s112_debug_soft__obfuscated.elf)
                0x0000000000003b18                sym_O4OEFTDQOHR27DXSKIP2NTPPTRMSYXD4NWCXJCY
 .text          0x0000000000003bd8       0x28 /opt/nordic/ncs/v3.0.2/nrfxlib/softdevice_controller/lib/nrf52/soft-float/libsoftdevice_controller_peripheral.a(libsoftdevice_controller_s112_debug_soft__obfuscated.elf)
                0x0000000000003bd8                sym_IGZFOLICB5CJJJE7CMPL4WEIUAIWGZOX7NY2BUA
 .text          0x0000000000003c00       0x30 /opt/nordic/ncs/v3.0.2/nrfxlib/softdevice_controller/lib/nrf52/soft-float/libsoftdevice_controller_peripheral.a(libsoftdevice_controller_s112_debug_soft__obfuscated.elf)
                0x0000000000003c00                sym_IXYRVGMAX4SRXA2W5Z6EII6E55G3FBKT7HXOFRA
 .text          0x0000000000003c30      0x160 /opt/nordic/ncs/v3.0.2/nrfxlib/softdevice_controller/lib/nrf52/soft-float/libsoftdevice_controller_peripheral.a(libsoftdevice_controller_s112_debug_soft__obfuscated.elf)
                0x0000000000003c30                sym_BZUCV52NNXYJ4PFZE6PPPT2ZDHUDTEPDS6LUKZI
 .text          0x0000000000003d90       0x24 /opt/nordic/ncs/v3.0.2/nrfxlib/softdevice_controller/lib/nrf52/soft-float/libsoftdevice_controller_peripheral.a(libsoftdevice_controller_s112_debug_soft__obfuscated.elf)
                0x0000000000003d90                sym_R3OVSIK4NXKOTUBI3IUCWAF5GBSLNFLFQGOT2YA
 .text          0x0000000000003db4       0x24 /opt/nordic/ncs/v3.0.2/nrfxlib/softdevice_controller/lib/nrf52/soft-float/libsoftdevice_controller_peripheral.a(libsoftdevice_controller_s112_debug_soft__obfuscated.elf)
                0x0000000000003db4                sym_JOD4HBACYVOMP3CDGJCWGWOV76FFL6T5SRSXLJA
 .text          0x0000000000003dd8       0x50 /opt/nordic/ncs/v3.0.2/nrfxlib/softdevice_controller/lib/nrf52/soft-float/libsoftdevice_controller_peripheral.a(libsoftdevice_controller_s112_debug_soft__obfuscated.elf)
                0x0000000000003dd8                sym_IM3N55HLVRFQYD25P6A2DK6S6UPAUWTY4RZRVZY
 .text          0x0000000000003e28       0x7c /opt/nordic/ncs/v3.0.2/nrfxlib/softdevice_controller/lib/nrf52/soft-float/libsoftdevice_controller_peripheral.a(libsoftdevice_controller_s112_debug_soft__obfuscated.elf)
 .text          0x0000000000003ea4       0x1c /opt/nordic/ncs/v3.0.2/nrfxlib/softdevice_controller/lib/nrf52/soft-float/libsoftdevice_controller_peripheral.a(libsoftdevice_controller_s112_debug_soft__obfuscated.elf)
                0x0000000000003ea4                sym_VFOLPFPCBUBOWLD5S5NLUE2HEG4YIVT4AHJSRAA
 .text          0x0000000000003ec0       0x40 /opt/nordic/ncs/v3.0.2/nrfxlib/softdevice_controller/lib/nrf52/soft-float/libsoftdevice_controller_peripheral.a(libsoftdevice_controller_s112_debug_soft__obfuscated.elf)
                0x0000000000003ec0                sym_TG47FIKHYTY55XYJ3V55KYXFAZDAW5Z526JT45I
 .text          0x0000000000003f00       0x84 /opt/nordic/ncs/v3.0.2/nrfxlib/softdevice_controller/lib/nrf52/soft-float/libsoftdevice_controller_peripheral.a(libsoftdevice_controller_s112_debug_soft__obfuscated.elf)
                0x0000000000003f00                sym_37NODBYTBKFFSSK63VRMJNBJWPSLOW2TI6JJ5VA
 .text          0x0000000000003f84       0x60 /opt/nordic/ncs/v3.0.2/nrfxlib/softdevice_controller/lib/nrf52/soft-float/libsoftdevice_controller_peripheral.a(libsoftdevice_controller_s112_debug_soft__obfuscated.elf)
                0x0000000000003f84                sym_5PX46PPXISSLTQOT7WU7ULFUTTIKTAFVIDYCAVY
 .text          0x0000000000003fe4       0x48 /opt/nordic/ncs/v3.0.2/nrfxlib/softdevice_controller/lib/nrf52/soft-float/libsoftdevice_controller_peripheral.a(libsoftdevice_controller_s112_debug_soft__obfuscated.elf)
                0x0000000000003fe4                sym_7ABLLIXUF3HMINU3DLWXJDVBNAU7RSUXPXZ3RFQ
 .text          0x000000000000402c       0x78 /opt/nordic/ncs/v3.0.2/nrfxlib/softdevice_controller/lib/nrf52/soft-float/libsoftdevice_controller_peripheral.a(libsoftdevice_controller_s112_debug_soft__obfuscated.elf)
                0x000000000000402c                sym_RHE23VLW3YS5P4HRDMPTVWIHXVLEGJ7BJEAEEUI
 .text          0x00000000000040a4       0x24 /opt/nordic/ncs/v3.0.2/nrfxlib/softdevice_controller/lib/nrf52/soft-float/libsoftdevice_controller_peripheral.a(libsoftdevice_controller_s112_debug_soft__obfuscated.elf)
                0x00000000000040a4                sym_KH2TZBL3IC4Q72SOWRZYKXJYTC66QUG36J2D64Q
 .text          0x00000000000040c8       0x20 /opt/nordic/ncs/v3.0.2/nrfxlib/softdevice_controller/lib/nrf52/soft-float/libsoftdevice_controller_peripheral.a(libsoftdevice_controller_s112_debug_soft__obfuscated.elf)
                0x00000000000040c8                sym_CYYZ5DA5UWAE37FM7XP643I473QUSWWZ2MS7OLY
 .text          0x00000000000040e8       0x34 /opt/nordic/ncs/v3.0.2/nrfxlib/softdevice_controller/lib/nrf52/soft-float/libsoftdevice_controller_peripheral.a(libsoftdevice_controller_s112_debug_soft__obfuscated.elf)
                0x00000000000040e8                sym_KQ4RAL3HW3LUBE4EKZDESO77BJMQRXFGP63ANLQ
 .text          0x000000000000411c       0x38 /opt/nordic/ncs/v3.0.2/nrfxlib/softdevice_controller/lib/nrf52/soft-float/libsoftdevice_controller_peripheral.a(libsoftdevice_controller_s112_debug_soft__obfuscated.elf)
                0x000000000000411c                sym_56UVHHES3DVKQZWKPD4W2O56B6Q35VFE7VP3FTY
 .text          0x0000000000004154       0x9c /opt/nordic/ncs/v3.0.2/nrfxlib/softdevice_controller/lib/nrf52/soft-float/libsoftdevice_controller_peripheral.a(libsoftdevice_controller_s112_debug_soft__obfuscated.elf)
                0x0000000000004154                sym_365Y77DXDRWJHR4QPTXJM46KZ7L557J533F2SNY
 .text          0x00000000000041f0       0x24 /opt/nordic/ncs/v3.0.2/nrfxlib/softdevice_controller/lib/nrf52/soft-float/libsoftdevice_controller_peripheral.a(libsoftdevice_controller_s112_debug_soft__obfuscated.elf)
                0x00000000000041f0                sym_MKU2XEL6QB4MO4JU3HW4P3NALUM7PALQ3OF2VGA
 .text          0x0000000000004214       0x10 /opt/nordic/ncs/v3.0.2/nrfxlib/softdevice_controller/lib/nrf52/soft-float/libsoftdevice_controller_peripheral.a(libsoftdevice_controller_s112_debug_soft__obfuscated.elf)
                0x0000000000004214                sym_3LKWZEY2K7UEF3M7QI5VCO43HM3TH6VAPJSZJBY
 .text          0x0000000000004224       0x88 /opt/nordic/ncs/v3.0.2/nrfxlib/softdevice_controller/lib/nrf52/soft-float/libsoftdevice_controller_peripheral.a(libsoftdevice_controller_s112_debug_soft__obfuscated.elf)
 .text          0x00000000000042ac       0x24 /opt/nordic/ncs/v3.0.2/nrfxlib/softdevice_controller/lib/nrf52/soft-float/libsoftdevice_controller_peripheral.a(libsoftdevice_controller_s112_debug_soft__obfuscated.elf)
                0x00000000000042ac                sym_ECAFXV3NMZ2THIWY27PTYY6WSGFWQJNAJOG5HIY
 .text          0x00000000000042d0        0xc /opt/nordic/ncs/v3.0.2/nrfxlib/softdevice_controller/lib/nrf52/soft-float/libsoftdevice_controller_peripheral.a(libsoftdevice_controller_s112_debug_soft__obfuscated.elf)
                0x00000000000042d0                sym_FKU5SDIGNJ3CUR3VYEELCK5CK3EK42NLF7KQXSQ
 .text          0x00000000000042dc        0xc /opt/nordic/ncs/v3.0.2/nrfxlib/softdevice_controller/lib/nrf52/soft-float/libsoftdevice_controller_peripheral.a(libsoftdevice_controller_s112_debug_soft__obfuscated.elf)
                0x00000000000042dc                sym_MD2ACKWOI3UMWSI6IONGH6VN62ROA3VVQP7HYBQ
 .text          0x00000000000042e8       0x60 /opt/nordic/ncs/v3.0.2/nrfxlib/softdevice_controller/lib/nrf52/soft-float/libsoftdevice_controller_peripheral.a(libsoftdevice_controller_s112_debug_soft__obfuscated.elf)
                0x00000000000042e8                sym_VT36OYILRYR2ODZV34U7WHVGGSRS7VN6JG7WPYI
 .text          0x0000000000004348       0x48 /opt/nordic/ncs/v3.0.2/nrfxlib/softdevice_controller/lib/nrf52/soft-float/libsoftdevice_controller_peripheral.a(libsoftdevice_controller_s112_debug_soft__obfuscated.elf)
                0x0000000000004348                sym_3BV6HS2RZST6R6C5ZWOISO6OTZHTSW3BAFXBSVQ
 .text          0x0000000000004390       0x20 /opt/nordic/ncs/v3.0.2/nrfxlib/softdevice_controller/lib/nrf52/soft-float/libsoftdevice_controller_peripheral.a(libsoftdevice_controller_s112_debug_soft__obfuscated.elf)
 .text          0x00000000000043b0       0x10 /opt/nordic/ncs/v3.0.2/nrfxlib/softdevice_controller/lib/nrf52/soft-float/libsoftdevice_controller_peripheral.a(libsoftdevice_controller_s112_debug_soft__obfuscated.elf)
                0x00000000000043b0                sym_QCAWKLQF54ZUVQEUZYI3LS3CAU7N52INENNQS4A
 .text          0x00000000000043c0       0x40 /opt/nordic/ncs/v3.0.2/nrfxlib/softdevice_controller/lib/nrf52/soft-float/libsoftdevice_controller_peripheral.a(libsoftdevice_controller_s112_debug_soft__obfuscated.elf)
                0x00000000000043c0                sym_DTBEJNW7A7JHG4MN52YFYEA2GZJHMHF7KQIBYHA
 .text          0x0000000000004400       0x24 /opt/nordic/ncs/v3.0.2/nrfxlib/softdevice_controller/lib/nrf52/soft-float/libsoftdevice_controller_peripheral.a(libsoftdevice_controller_s112_debug_soft__obfuscated.elf)
 .text          0x0000000000004424       0x68 /opt/nordic/ncs/v3.0.2/nrfxlib/softdevice_controller/lib/nrf52/soft-float/libsoftdevice_controller_peripheral.a(libsoftdevice_controller_s112_debug_soft__obfuscated.elf)
 .text          0x000000000000448c       0x44 /opt/nordic/ncs/v3.0.2/nrfxlib/softdevice_controller/lib/nrf52/soft-float/libsoftdevice_controller_peripheral.a(libsoftdevice_controller_s112_debug_soft__obfuscated.elf)
 .text          0x00000000000044d0       0x2c /opt/nordic/ncs/v3.0.2/nrfxlib/softdevice_controller/lib/nrf52/soft-float/libsoftdevice_controller_peripheral.a(libsoftdevice_controller_s112_debug_soft__obfuscated.elf)
 .text          0x00000000000044fc       0xac /opt/nordic/ncs/v3.0.2/nrfxlib/softdevice_controller/lib/nrf52/soft-float/libsoftdevice_controller_peripheral.a(libsoftdevice_controller_s112_debug_soft__obfuscated.elf)
 .text          0x00000000000045a8       0x24 /opt/nordic/ncs/v3.0.2/nrfxlib/softdevice_controller/lib/nrf52/soft-float/libsoftdevice_controller_peripheral.a(libsoftdevice_controller_s112_debug_soft__obfuscated.elf)
 .text          0x00000000000045cc      0x114 /opt/nordic/ncs/v3.0.2/nrfxlib/softdevice_controller/lib/nrf52/soft-float/libsoftdevice_controller_peripheral.a(libsoftdevice_controller_s112_debug_soft__obfuscated.elf)
 .text          0x00000000000046e0      0x204 /opt/nordic/ncs/v3.0.2/nrfxlib/softdevice_controller/lib/nrf52/soft-float/libsoftdevice_controller_peripheral.a(libsoftdevice_controller_s112_debug_soft__obfuscated.elf)
 .text          0x00000000000048e4       0xd4 /opt/nordic/ncs/v3.0.2/nrfxlib/softdevice_controller/lib/nrf52/soft-float/libsoftdevice_controller_peripheral.a(libsoftdevice_controller_s112_debug_soft__obfuscated.elf)
 .text          0x00000000000049b8      0x148 /opt/nordic/ncs/v3.0.2/nrfxlib/softdevice_controller/lib/nrf52/soft-float/libsoftdevice_controller_peripheral.a(libsoftdevice_controller_s112_debug_soft__obfuscated.elf)
 .text          0x0000000000004b00       0x48 /opt/nordic/ncs/v3.0.2/nrfxlib/softdevice_controller/lib/nrf52/soft-float/libsoftdevice_controller_peripheral.a(libsoftdevice_controller_s112_debug_soft__obfuscated.elf)
 .text          0x0000000000004b48       0x10 /opt/nordic/ncs/v3.0.2/nrfxlib/softdevice_controller/lib/nrf52/soft-float/libsoftdevice_controller_peripheral.a(libsoftdevice_controller_s112_debug_soft__obfuscated.elf)
 .text          0x0000000000004b58       0x54 /opt/nordic/ncs/v3.0.2/nrfxlib/softdevice_controller/lib/nrf52/soft-float/libsoftdevice_controller_peripheral.a(libsoftdevice_controller_s112_debug_soft__obfuscated.elf)
 .text          0x0000000000004bac       0x2c /opt/nordic/ncs/v3.0.2/nrfxlib/softdevice_controller/lib/nrf52/soft-float/libsoftdevice_controller_peripheral.a(libsoftdevice_controller_s112_debug_soft__obfuscated.elf)
                0x0000000000004bac                sym_4WIY2RAFLOZNOS4O5BEVWEYHIO3NV42IZ2Q2NWQ
 .text          0x0000000000004bd8       0x2c /opt/nordic/ncs/v3.0.2/nrfxlib/softdevice_controller/lib/nrf52/soft-float/libsoftdevice_controller_peripheral.a(libsoftdevice_controller_s112_debug_soft__obfuscated.elf)
                0x0000000000004bd8                sym_KC3JIKE7HTERE3Q3BXMRUIDPAENUZKVBIDO6ODY
 .text          0x0000000000004c04       0x10 /opt/nordic/ncs/v3.0.2/nrfxlib/softdevice_controller/lib/nrf52/soft-float/libsoftdevice_controller_peripheral.a(libsoftdevice_controller_s112_debug_soft__obfuscated.elf)
                0x0000000000004c04                sym_BPVIPCP3IMFHHNRASYWRUQPTOXIXQGWP3DTKXWI
 .text          0x0000000000004c14       0x20 /opt/nordic/ncs/v3.0.2/nrfxlib/softdevice_controller/lib/nrf52/soft-float/libsoftdevice_controller_peripheral.a(libsoftdevice_controller_s112_debug_soft__obfuscated.elf)
                0x0000000000004c14                sym_I72BLVRK23UDT6KM4GEW6EVDLN4L7QB2CLD4CMY
 .text          0x0000000000004c34       0xb4 /opt/nordic/ncs/v3.0.2/nrfxlib/softdevice_controller/lib/nrf52/soft-float/libsoftdevice_controller_peripheral.a(libsoftdevice_controller_s112_debug_soft__obfuscated.elf)
                0x0000000000004c34                sym_JIJASGQH4XEEPZL7D35VQHVPKKLANGDBS2M46NQ
 .text          0x0000000000004ce8      0x138 /opt/nordic/ncs/v3.0.2/nrfxlib/softdevice_controller/lib/nrf52/soft-float/libsoftdevice_controller_peripheral.a(libsoftdevice_controller_s112_debug_soft__obfuscated.elf)
                0x0000000000004ce8                sym_KBJ4SX4MJK4IAM4DI3ILSISVXIP6O72O62TW3OQ
 .text          0x0000000000004e20       0x70 /opt/nordic/ncs/v3.0.2/nrfxlib/softdevice_controller/lib/nrf52/soft-float/libsoftdevice_controller_peripheral.a(libsoftdevice_controller_s112_debug_soft__obfuscated.elf)
 .text          0x0000000000004e90       0x10 /opt/nordic/ncs/v3.0.2/nrfxlib/softdevice_controller/lib/nrf52/soft-float/libsoftdevice_controller_peripheral.a(libsoftdevice_controller_s112_debug_soft__obfuscated.elf)
                0x0000000000004e90                sym_PY5KUATPBYOYJBMP6H7AVRPSEO7BZX2JK524O6A
 .text          0x0000000000004ea0       0x3c /opt/nordic/ncs/v3.0.2/nrfxlib/softdevice_controller/lib/nrf52/soft-float/libsoftdevice_controller_peripheral.a(libsoftdevice_controller_s112_debug_soft__obfuscated.elf)
                0x0000000000004ea0                sym_RPDYS5TXULS3Z2BQR7IFNSOINXPPN4LN764SRIY
 .text          0x0000000000004edc        0x4 /opt/nordic/ncs/v3.0.2/nrfxlib/softdevice_controller/lib/nrf52/soft-float/libsoftdevice_controller_peripheral.a(libsoftdevice_controller_s112_debug_soft__obfuscated.elf)
 .text          0x0000000000004ee0        0x8 /opt/nordic/ncs/v3.0.2/nrfxlib/softdevice_controller/lib/nrf52/soft-float/libsoftdevice_controller_peripheral.a(libsoftdevice_controller_s112_debug_soft__obfuscated.elf)
 .text          0x0000000000004ee8        0x4 /opt/nordic/ncs/v3.0.2/nrfxlib/softdevice_controller/lib/nrf52/soft-float/libsoftdevice_controller_peripheral.a(libsoftdevice_controller_s112_debug_soft__obfuscated.elf)
 .text          0x0000000000004eec       0x18 /opt/nordic/ncs/v3.0.2/nrfxlib/softdevice_controller/lib/nrf52/soft-float/libsoftdevice_controller_peripheral.a(libsoftdevice_controller_s112_debug_soft__obfuscated.elf)
 .text          0x0000000000004f04       0x40 /opt/nordic/ncs/v3.0.2/nrfxlib/softdevice_controller/lib/nrf52/soft-float/libsoftdevice_controller_peripheral.a(libsoftdevice_controller_s112_debug_soft__obfuscated.elf)
                0x0000000000004f04                sym_6FVWF5AWPR7EN7BPHS4APSIUXYFZQTTZCMRDKPY
 .text          0x0000000000004f44       0xc4 /opt/nordic/ncs/v3.0.2/nrfxlib/softdevice_controller/lib/nrf52/soft-float/libsoftdevice_controller_peripheral.a(libsoftdevice_controller_s112_debug_soft__obfuscated.elf)
 .text          0x0000000000005008       0x58 /opt/nordic/ncs/v3.0.2/nrfxlib/softdevice_controller/lib/nrf52/soft-float/libsoftdevice_controller_peripheral.a(libsoftdevice_controller_s112_debug_soft__obfuscated.elf)
 .text          0x0000000000005060       0xac /opt/nordic/ncs/v3.0.2/nrfxlib/softdevice_controller/lib/nrf52/soft-float/libsoftdevice_controller_peripheral.a(libsoftdevice_controller_s112_debug_soft__obfuscated.elf)
 .text          0x000000000000510c       0x8c /opt/nordic/ncs/v3.0.2/nrfxlib/softdevice_controller/lib/nrf52/soft-float/libsoftdevice_controller_peripheral.a(libsoftdevice_controller_s112_debug_soft__obfuscated.elf)
 .text          0x0000000000005198       0x4c /opt/nordic/ncs/v3.0.2/nrfxlib/softdevice_controller/lib/nrf52/soft-float/libsoftdevice_controller_peripheral.a(libsoftdevice_controller_s112_debug_soft__obfuscated.elf)
 .text          0x00000000000051e4       0x38 /opt/nordic/ncs/v3.0.2/nrfxlib/softdevice_controller/lib/nrf52/soft-float/libsoftdevice_controller_peripheral.a(libsoftdevice_controller_s112_debug_soft__obfuscated.elf)
 .text          0x000000000000521c       0x38 /opt/nordic/ncs/v3.0.2/nrfxlib/softdevice_controller/lib/nrf52/soft-float/libsoftdevice_controller_peripheral.a(libsoftdevice_controller_s112_debug_soft__obfuscated.elf)
 .text          0x0000000000005254       0xc0 /opt/nordic/ncs/v3.0.2/nrfxlib/softdevice_controller/lib/nrf52/soft-float/libsoftdevice_controller_peripheral.a(libsoftdevice_controller_s112_debug_soft__obfuscated.elf)
 .text          0x0000000000005314       0x5c /opt/nordic/ncs/v3.0.2/nrfxlib/softdevice_controller/lib/nrf52/soft-float/libsoftdevice_controller_peripheral.a(libsoftdevice_controller_s112_debug_soft__obfuscated.elf)
 .text          0x0000000000005370       0x90 /opt/nordic/ncs/v3.0.2/nrfxlib/softdevice_controller/lib/nrf52/soft-float/libsoftdevice_controller_peripheral.a(libsoftdevice_controller_s112_debug_soft__obfuscated.elf)
 .text          0x0000000000005400      0x224 /opt/nordic/ncs/v3.0.2/nrfxlib/softdevice_controller/lib/nrf52/soft-float/libsoftdevice_controller_peripheral.a(libsoftdevice_controller_s112_debug_soft__obfuscated.elf)
 .text          0x0000000000005624      0x724 /opt/nordic/ncs/v3.0.2/nrfxlib/softdevice_controller/lib/nrf52/soft-float/libsoftdevice_controller_peripheral.a(libsoftdevice_controller_s112_debug_soft__obfuscated.elf)
 .text          0x0000000000005d48      0x1b4 /opt/nordic/ncs/v3.0.2/nrfxlib/softdevice_controller/lib/nrf52/soft-float/libsoftdevice_controller_peripheral.a(libsoftdevice_controller_s112_debug_soft__obfuscated.elf)
                0x0000000000005d48                sym_GRKUQI62F6CK2HPCZKZRWSZ3PZVCGXTWPZAIMJA
 .text          0x0000000000005efc       0x60 /opt/nordic/ncs/v3.0.2/nrfxlib/softdevice_controller/lib/nrf52/soft-float/libsoftdevice_controller_peripheral.a(libsoftdevice_controller_s112_debug_soft__obfuscated.elf)
                0x0000000000005efc                sym_HT64RIVISXSWFJE3LL26YHKQRTRRXKVEDBUUUOQ
 .text          0x0000000000005f5c       0x18 /opt/nordic/ncs/v3.0.2/nrfxlib/softdevice_controller/lib/nrf52/soft-float/libsoftdevice_controller_peripheral.a(libsoftdevice_controller_s112_debug_soft__obfuscated.elf)
                0x0000000000005f5c                sym_OGXWMXSCK2QG6TOSCWHHS4PII24VSXWVJJIPCDI
 .text          0x0000000000005f74       0x20 /opt/nordic/ncs/v3.0.2/nrfxlib/softdevice_controller/lib/nrf52/soft-float/libsoftdevice_controller_peripheral.a(libsoftdevice_controller_s112_debug_soft__obfuscated.elf)
 .text          0x0000000000005f94       0x14 /opt/nordic/ncs/v3.0.2/nrfxlib/softdevice_controller/lib/nrf52/soft-float/libsoftdevice_controller_peripheral.a(libsoftdevice_controller_s112_debug_soft__obfuscated.elf)
                0x0000000000005f94                sym_LOTFHGQTFUFWGX7HOTL4Q2XATGIJRVIMCMOYRMA
 .text          0x0000000000005fa8       0x30 /opt/nordic/ncs/v3.0.2/nrfxlib/softdevice_controller/lib/nrf52/soft-float/libsoftdevice_controller_peripheral.a(libsoftdevice_controller_s112_debug_soft__obfuscated.elf)
                0x0000000000005fa8                sym_MDF364N4PQDEA5ZGP5CB3ZDZVZM5Q32KSEZZ5HI
 .text          0x0000000000005fd8       0x34 /opt/nordic/ncs/v3.0.2/nrfxlib/softdevice_controller/lib/nrf52/soft-float/libsoftdevice_controller_peripheral.a(libsoftdevice_controller_s112_debug_soft__obfuscated.elf)
                0x0000000000005fd8                sym_XCEN5K7VEI2CAO42XW7S3FKM3HKMOCDCUFDX25Y
 .text          0x000000000000600c       0x44 /opt/nordic/ncs/v3.0.2/nrfxlib/softdevice_controller/lib/nrf52/soft-float/libsoftdevice_controller_peripheral.a(libsoftdevice_controller_s112_debug_soft__obfuscated.elf)
                0x000000000000600c                sym_5DEPI2OGSPXE5OVFBPVFPSPYPRYUQ54QVVXIKNI
 .text          0x0000000000006050       0x34 /opt/nordic/ncs/v3.0.2/nrfxlib/softdevice_controller/lib/nrf52/soft-float/libsoftdevice_controller_peripheral.a(libsoftdevice_controller_s112_debug_soft__obfuscated.elf)
                0x0000000000006050                sym_KZ5CVONZGMGIGNMI7YD6HLN3FXAAJK6OMEJW6BQ
 .text          0x0000000000006084       0x28 /opt/nordic/ncs/v3.0.2/nrfxlib/softdevice_controller/lib/nrf52/soft-float/libsoftdevice_controller_peripheral.a(libsoftdevice_controller_s112_debug_soft__obfuscated.elf)
                0x0000000000006084                sym_ZQHB3ANU2DANFLJZLZL5U4SPQ2ZDVUAHI35744Y
 .text          0x00000000000060ac       0x10 /opt/nordic/ncs/v3.0.2/nrfxlib/softdevice_controller/lib/nrf52/soft-float/libsoftdevice_controller_peripheral.a(libsoftdevice_controller_s112_debug_soft__obfuscated.elf)
                0x00000000000060ac                sym_TRMXENGHOH4VBQQZPIN222FLCEFU3Z3CD5C47DY
 .text          0x00000000000060bc       0x8c /opt/nordic/ncs/v3.0.2/nrfxlib/softdevice_controller/lib/nrf52/soft-float/libsoftdevice_controller_peripheral.a(libsoftdevice_controller_s112_debug_soft__obfuscated.elf)
                0x00000000000060bc                sym_5I5MTMPTF2F4WI7MIXG5OG4TUPLUR53CB2QHVUA
 .text          0x0000000000006148       0x94 /opt/nordic/ncs/v3.0.2/nrfxlib/softdevice_controller/lib/nrf52/soft-float/libsoftdevice_controller_peripheral.a(libsoftdevice_controller_s112_debug_soft__obfuscated.elf)
                0x0000000000006148                sym_WLH66EC4H754I3MAYKGHFOCADIOY4E4WNRBI4TA
 .text          0x00000000000061dc       0x30 /opt/nordic/ncs/v3.0.2/nrfxlib/softdevice_controller/lib/nrf52/soft-float/libsoftdevice_controller_peripheral.a(libsoftdevice_controller_s112_debug_soft__obfuscated.elf)
                0x00000000000061dc                sym_VIDE7XVSTT4HHX2MQJX6VUVABAKVNGIPRTLRLEQ
 .text          0x000000000000620c       0x78 /opt/nordic/ncs/v3.0.2/nrfxlib/softdevice_controller/lib/nrf52/soft-float/libsoftdevice_controller_peripheral.a(libsoftdevice_controller_s112_debug_soft__obfuscated.elf)
                0x000000000000620c                sym_FYMYD324TMLKJZE62CZN4WTXFSPL6FPU2SZH6CI
 .text          0x0000000000006284        0xc /opt/nordic/ncs/v3.0.2/nrfxlib/softdevice_controller/lib/nrf52/soft-float/libsoftdevice_controller_peripheral.a(libsoftdevice_controller_s112_debug_soft__obfuscated.elf)
                0x0000000000006284                sym_QQVHHHKNBN5TJBK4NCDSUYAMXMOEHFSL7HE7RRA
 .text          0x0000000000006290       0x3c /opt/nordic/ncs/v3.0.2/nrfxlib/softdevice_controller/lib/nrf52/soft-float/libsoftdevice_controller_peripheral.a(libsoftdevice_controller_s112_debug_soft__obfuscated.elf)
                0x0000000000006290                sym_XPKSFPKFBNSTZZU4FUMGC3XRHAVS24BBL53HRMA
 .text          0x00000000000062cc       0x60 /opt/nordic/ncs/v3.0.2/nrfxlib/softdevice_controller/lib/nrf52/soft-float/libsoftdevice_controller_peripheral.a(libsoftdevice_controller_s112_debug_soft__obfuscated.elf)
                0x00000000000062cc                sym_6Q45YYTUN2KDQ5V5UGE3T2LTI5FNGX6WIJYLIDI
 .text          0x000000000000632c       0x10 /opt/nordic/ncs/v3.0.2/nrfxlib/softdevice_controller/lib/nrf52/soft-float/libsoftdevice_controller_peripheral.a(libsoftdevice_controller_s112_debug_soft__obfuscated.elf)
 .text          0x000000000000633c       0x58 /opt/nordic/ncs/v3.0.2/nrfxlib/softdevice_controller/lib/nrf52/soft-float/libsoftdevice_controller_peripheral.a(libsoftdevice_controller_s112_debug_soft__obfuscated.elf)
 .text          0x0000000000006394       0x30 /opt/nordic/ncs/v3.0.2/nrfxlib/softdevice_controller/lib/nrf52/soft-float/libsoftdevice_controller_peripheral.a(libsoftdevice_controller_s112_debug_soft__obfuscated.elf)
 .text          0x00000000000063c4       0x64 /opt/nordic/ncs/v3.0.2/nrfxlib/softdevice_controller/lib/nrf52/soft-float/libsoftdevice_controller_peripheral.a(libsoftdevice_controller_s112_debug_soft__obfuscated.elf)
 .text          0x0000000000006428       0x34 /opt/nordic/ncs/v3.0.2/nrfxlib/softdevice_controller/lib/nrf52/soft-float/libsoftdevice_controller_peripheral.a(libsoftdevice_controller_s112_debug_soft__obfuscated.elf)
 .text          0x000000000000645c       0x4c /opt/nordic/ncs/v3.0.2/nrfxlib/softdevice_controller/lib/nrf52/soft-float/libsoftdevice_controller_peripheral.a(libsoftdevice_controller_s112_debug_soft__obfuscated.elf)
 .text          0x00000000000064a8       0x38 /opt/nordic/ncs/v3.0.2/nrfxlib/softdevice_controller/lib/nrf52/soft-float/libsoftdevice_controller_peripheral.a(libsoftdevice_controller_s112_debug_soft__obfuscated.elf)
 .text          0x00000000000064e0       0x1c /opt/nordic/ncs/v3.0.2/nrfxlib/softdevice_controller/lib/nrf52/soft-float/libsoftdevice_controller_peripheral.a(libsoftdevice_controller_s112_debug_soft__obfuscated.elf)
 .text          0x00000000000064fc       0x5c /opt/nordic/ncs/v3.0.2/nrfxlib/softdevice_controller/lib/nrf52/soft-float/libsoftdevice_controller_peripheral.a(libsoftdevice_controller_s112_debug_soft__obfuscated.elf)
 .text          0x0000000000006558       0x60 /opt/nordic/ncs/v3.0.2/nrfxlib/softdevice_controller/lib/nrf52/soft-float/libsoftdevice_controller_peripheral.a(libsoftdevice_controller_s112_debug_soft__obfuscated.elf)
 .text          0x00000000000065b8      0x110 /opt/nordic/ncs/v3.0.2/nrfxlib/softdevice_controller/lib/nrf52/soft-float/libsoftdevice_controller_peripheral.a(libsoftdevice_controller_s112_debug_soft__obfuscated.elf)
 .text          0x00000000000066c8       0x74 /opt/nordic/ncs/v3.0.2/nrfxlib/softdevice_controller/lib/nrf52/soft-float/libsoftdevice_controller_peripheral.a(libsoftdevice_controller_s112_debug_soft__obfuscated.elf)
                0x00000000000066c8                sym_RUQBFILZ5CHV2AAL6C3D2J5Y33TCCAPZTHBGZ3A
 .text          0x000000000000673c       0x10 /opt/nordic/ncs/v3.0.2/nrfxlib/softdevice_controller/lib/nrf52/soft-float/libsoftdevice_controller_peripheral.a(libsoftdevice_controller_s112_debug_soft__obfuscated.elf)
                0x000000000000673c                sym_DRIMECVE2FH7O6C2LQ25QRVJOICPHLA5GC6TM2I
 .text          0x000000000000674c        0xc /opt/nordic/ncs/v3.0.2/nrfxlib/softdevice_controller/lib/nrf52/soft-float/libsoftdevice_controller_peripheral.a(libsoftdevice_controller_s112_debug_soft__obfuscated.elf)
                0x000000000000674c                sym_ARLNRKQ66P65CL63VENK3NR6NFAZLWPJOOVV7RQ
 .text          0x0000000000006758       0x10 /opt/nordic/ncs/v3.0.2/nrfxlib/softdevice_controller/lib/nrf52/soft-float/libsoftdevice_controller_peripheral.a(libsoftdevice_controller_s112_debug_soft__obfuscated.elf)
                0x0000000000006758                sym_GI7KSEEMTJQ7HR2XTQJ6A3EAB54YYLMWKNL2RBA
 .text          0x0000000000006768       0x30 /opt/nordic/ncs/v3.0.2/nrfxlib/softdevice_controller/lib/nrf52/soft-float/libsoftdevice_controller_peripheral.a(libsoftdevice_controller_s112_debug_soft__obfuscated.elf)
                0x0000000000006768                sym_RSWA3KDPDNEX2QOFCEQGJOF7JZOR274BWTEY2JA
 .text          0x0000000000006798       0x48 /opt/nordic/ncs/v3.0.2/nrfxlib/softdevice_controller/lib/nrf52/soft-float/libsoftdevice_controller_peripheral.a(libsoftdevice_controller_s112_debug_soft__obfuscated.elf)
                0x0000000000006798                sym_5M4NZWSJ6BHHJZLT6EUU64HNZ2KEYYSTH2RKH5I
 .text          0x00000000000067e0       0x58 /opt/nordic/ncs/v3.0.2/nrfxlib/softdevice_controller/lib/nrf52/soft-float/libsoftdevice_controller_peripheral.a(libsoftdevice_controller_s112_debug_soft__obfuscated.elf)
                0x00000000000067e0                sym_5CHOZAQ75MOW32NPEGX5AYLDFVQR6HZCDXZY5PQ
 .text          0x0000000000006838       0x24 /opt/nordic/ncs/v3.0.2/nrfxlib/softdevice_controller/lib/nrf52/soft-float/libsoftdevice_controller_peripheral.a(libsoftdevice_controller_s112_debug_soft__obfuscated.elf)
                0x0000000000006838                sym_YUNWMAOOL6VPZ57LS54EAM7TJ65IEHYU7XKGKUI
 .text          0x000000000000685c      0x11c /opt/nordic/ncs/v3.0.2/nrfxlib/softdevice_controller/lib/nrf52/soft-float/libsoftdevice_controller_peripheral.a(libsoftdevice_controller_s112_debug_soft__obfuscated.elf)
                0x000000000000685c                sym_JQ5GTNCJKXERB3SSKQRXLQOKWJQVRNEOVZZZVXI
 .text          0x0000000000006978        0xc /opt/nordic/ncs/v3.0.2/nrfxlib/softdevice_controller/lib/nrf52/soft-float/libsoftdevice_controller_peripheral.a(libsoftdevice_controller_s112_debug_soft__obfuscated.elf)
                0x0000000000006978                sym_HE5JGYEZFIITGQL7PMATDHSORSCK7HJIY5UXOZA
 .text          0x0000000000006984       0x14 /opt/nordic/ncs/v3.0.2/nrfxlib/softdevice_controller/lib/nrf52/soft-float/libsoftdevice_controller_peripheral.a(libsoftdevice_controller_s112_debug_soft__obfuscated.elf)
                0x0000000000006984                sym_YLRTPBVG5ROXKOW4KXUYITRUY3FD2MVZW5LF7ZA
 .text          0x0000000000006998       0x38 /opt/nordic/ncs/v3.0.2/nrfxlib/softdevice_controller/lib/nrf52/soft-float/libsoftdevice_controller_peripheral.a(libsoftdevice_controller_s112_debug_soft__obfuscated.elf)
                0x0000000000006998                sym_GVSNNBZMBIJOMUA3FPIAVVC7S5MNBYUF4QELXZA
 .text          0x00000000000069d0        0xc /opt/nordic/ncs/v3.0.2/nrfxlib/softdevice_controller/lib/nrf52/soft-float/libsoftdevice_controller_peripheral.a(libsoftdevice_controller_s112_debug_soft__obfuscated.elf)
                0x00000000000069d0                sym_ZQE76VUU7S5U7DETTZA65E75LHFWL5PGRN4JPHI
 .text          0x00000000000069dc       0xa4 /opt/nordic/ncs/v3.0.2/nrfxlib/softdevice_controller/lib/nrf52/soft-float/libsoftdevice_controller_peripheral.a(libsoftdevice_controller_s112_debug_soft__obfuscated.elf)
                0x00000000000069dc                sym_6PPYXQQOLTVZ6DHASA45P4Y6MOJ5US37OHECCGI
 .text          0x0000000000006a80       0x28 /opt/nordic/ncs/v3.0.2/nrfxlib/softdevice_controller/lib/nrf52/soft-float/libsoftdevice_controller_peripheral.a(libsoftdevice_controller_s112_debug_soft__obfuscated.elf)
                0x0000000000006a80                sym_E7IS652W2J5N5UTHP752WOA4YNSR7E5S5H4J2AA
 .text          0x0000000000006aa8       0xa4 /opt/nordic/ncs/v3.0.2/nrfxlib/softdevice_controller/lib/nrf52/soft-float/libsoftdevice_controller_peripheral.a(libsoftdevice_controller_s112_debug_soft__obfuscated.elf)
                0x0000000000006aa8                sym_A5S3P57NWYYY5XJWBYERU6H4QSVP5TCTU7HKA5Y
 .text          0x0000000000006b4c       0x80 /opt/nordic/ncs/v3.0.2/nrfxlib/softdevice_controller/lib/nrf52/soft-float/libsoftdevice_controller_peripheral.a(libsoftdevice_controller_s112_debug_soft__obfuscated.elf)
                0x0000000000006b4c                sym_2YSDS7VWGMSD5CN64D2VGQIYXBV3A6NJCHWFZEY
 .text          0x0000000000006bcc        0xc /opt/nordic/ncs/v3.0.2/nrfxlib/softdevice_controller/lib/nrf52/soft-float/libsoftdevice_controller_peripheral.a(libsoftdevice_controller_s112_debug_soft__obfuscated.elf)
                0x0000000000006bcc                sym_XD56LJG2JTRU4Q2V7WCY72EI3VTZICA3O4ERV2A
 .text          0x0000000000006bd8       0x10 /opt/nordic/ncs/v3.0.2/nrfxlib/softdevice_controller/lib/nrf52/soft-float/libsoftdevice_controller_peripheral.a(libsoftdevice_controller_s112_debug_soft__obfuscated.elf)
                0x0000000000006bd8                sym_YG4UROEKVB7ZBE5TWHLNJHYKSFBTXGBYAX3RXRI
 .text          0x0000000000006be8       0x34 /opt/nordic/ncs/v3.0.2/nrfxlib/softdevice_controller/lib/nrf52/soft-float/libsoftdevice_controller_peripheral.a(libsoftdevice_controller_s112_debug_soft__obfuscated.elf)
                0x0000000000006be8                sym_LPFN6QJEOHBT4AP2K7MEYWDZW35U5VHIHXOA54I
 .text          0x0000000000006c1c       0x5c /opt/nordic/ncs/v3.0.2/nrfxlib/softdevice_controller/lib/nrf52/soft-float/libsoftdevice_controller_peripheral.a(libsoftdevice_controller_s112_debug_soft__obfuscated.elf)
                0x0000000000006c1c                sym_7CIQBS4FNO23MS6BAN7Q3LK45R62DBPT5FNCWOA
 .text          0x0000000000006c78       0x48 /opt/nordic/ncs/v3.0.2/nrfxlib/softdevice_controller/lib/nrf52/soft-float/libsoftdevice_controller_peripheral.a(libsoftdevice_controller_s112_debug_soft__obfuscated.elf)
                0x0000000000006c78                sym_Y6HXZQJARJ7FDWKGPREPQGRRGDOQMXHDALUK6KY
 .text          0x0000000000006cc0       0x18 /opt/nordic/ncs/v3.0.2/nrfxlib/softdevice_controller/lib/nrf52/soft-float/libsoftdevice_controller_peripheral.a(libsoftdevice_controller_s112_debug_soft__obfuscated.elf)
                0x0000000000006cc0                sym_RXYEX777ZXB2E2DXJWDBCV7AAHWTCHNTLOSENBY
 .text          0x0000000000006cd8       0x1c /opt/nordic/ncs/v3.0.2/nrfxlib/softdevice_controller/lib/nrf52/soft-float/libsoftdevice_controller_peripheral.a(libsoftdevice_controller_s112_debug_soft__obfuscated.elf)
                0x0000000000006cd8                sym_PCLF3MATC3G3MYGRPG4ATMGCS6N4B7M5CSF2C2Y
 .text          0x0000000000006cf4       0x18 /opt/nordic/ncs/v3.0.2/nrfxlib/softdevice_controller/lib/nrf52/soft-float/libsoftdevice_controller_peripheral.a(libsoftdevice_controller_s112_debug_soft__obfuscated.elf)
                0x0000000000006cf4                sym_EZCFQXKGAFHY5HQVJOXWDLO45XWMEJQY5WUGZNI
 .text          0x0000000000006d0c       0x40 /opt/nordic/ncs/v3.0.2/nrfxlib/softdevice_controller/lib/nrf52/soft-float/libsoftdevice_controller_peripheral.a(libsoftdevice_controller_s112_debug_soft__obfuscated.elf)
                0x0000000000006d0c                sym_2GNBSSSS7HPV6RZQ52VFCGRXSPA3KLWISQSF42I
 .text          0x0000000000006d4c       0x10 /opt/nordic/ncs/v3.0.2/nrfxlib/softdevice_controller/lib/nrf52/soft-float/libsoftdevice_controller_peripheral.a(libsoftdevice_controller_s112_debug_soft__obfuscated.elf)
                0x0000000000006d4c                sym_VEC44ISWPJAJ32J57NYIBEMC7Q6QEP7J6SVR4BQ
 .text          0x0000000000006d5c       0x18 /opt/nordic/ncs/v3.0.2/nrfxlib/softdevice_controller/lib/nrf52/soft-float/libsoftdevice_controller_peripheral.a(libsoftdevice_controller_s112_debug_soft__obfuscated.elf)
                0x0000000000006d5c                sym_LSYZDZOMTD6BKKRX25HIBNLFKSFDXBS3PS4UKOY
 .text          0x0000000000006d74      0x264 /opt/nordic/ncs/v3.0.2/nrfxlib/softdevice_controller/lib/nrf52/soft-float/libsoftdevice_controller_peripheral.a(libsoftdevice_controller_s112_debug_soft__obfuscated.elf)
                0x0000000000006d74                sym_EMR2H7KEGRFFKS6A4P3ZPPGOJSTVXLGRI25MEYQ
 .text          0x0000000000006fd8       0x10 /opt/nordic/ncs/v3.0.2/nrfxlib/softdevice_controller/lib/nrf52/soft-float/libsoftdevice_controller_peripheral.a(libsoftdevice_controller_s112_debug_soft__obfuscated.elf)
                0x0000000000006fd8                sym_V67AIMSO57NYVNGXZF2PDQSJQJLITHU4KD4CKAY
 .text          0x0000000000006fe8        0xc /opt/nordic/ncs/v3.0.2/nrfxlib/softdevice_controller/lib/nrf52/soft-float/libsoftdevice_controller_peripheral.a(libsoftdevice_controller_s112_debug_soft__obfuscated.elf)
                0x0000000000006fe8                sym_UX6VBOIQ7ULLMX3I6UDFOFZ6IT2DVZKKVIEVRMY
 .text          0x0000000000006ff4       0x10 /opt/nordic/ncs/v3.0.2/nrfxlib/softdevice_controller/lib/nrf52/soft-float/libsoftdevice_controller_peripheral.a(libsoftdevice_controller_s112_debug_soft__obfuscated.elf)
                0x0000000000006ff4                sym_L4JTLGMK2AWYAAPRB3O77773SG36X2NTZJ3FAHA
 .text          0x0000000000007004       0x1c /opt/nordic/ncs/v3.0.2/nrfxlib/softdevice_controller/lib/nrf52/soft-float/libsoftdevice_controller_peripheral.a(libsoftdevice_controller_s112_debug_soft__obfuscated.elf)
                0x0000000000007004                sym_WD6EQ3FQVKOAARDWHQJJC5SVKHQS7A2MF5YDCPA
 .text          0x0000000000007020       0x1c /opt/nordic/ncs/v3.0.2/nrfxlib/softdevice_controller/lib/nrf52/soft-float/libsoftdevice_controller_peripheral.a(libsoftdevice_controller_s112_debug_soft__obfuscated.elf)
                0x0000000000007020                sym_WGW6HZ6PNLYQSUJALICWZO27AY5UJWYCU6B6ACI
 .text          0x000000000000703c       0x34 /opt/nordic/ncs/v3.0.2/nrfxlib/softdevice_controller/lib/nrf52/soft-float/libsoftdevice_controller_peripheral.a(libsoftdevice_controller_s112_debug_soft__obfuscated.elf)
                0x000000000000703c                sym_7VLVVPDI26BVJ64XQBSGXOQYGQA4VH5APIPDGYA
 .text          0x0000000000007070       0x38 /opt/nordic/ncs/v3.0.2/nrfxlib/softdevice_controller/lib/nrf52/soft-float/libsoftdevice_controller_peripheral.a(libsoftdevice_controller_s112_debug_soft__obfuscated.elf)
                0x0000000000007070                sym_55XNA7W2CQFJPCH62ZAKHLPISYHJ7KMNREEN6EA
 .text          0x00000000000070a8       0xa0 /opt/nordic/ncs/v3.0.2/nrfxlib/softdevice_controller/lib/nrf52/soft-float/libsoftdevice_controller_peripheral.a(libsoftdevice_controller_s112_debug_soft__obfuscated.elf)
                0x00000000000070a8                sym_472GCM45ITLH5GOXITRUEUJXOU6SPVHTMEVFHWQ
 .text          0x0000000000007148        0xc /opt/nordic/ncs/v3.0.2/nrfxlib/mpsl/fem/common/lib/nrf52/soft-float/libmpsl_fem_common.a(libmpsl_fem_common_debug_soft__obfuscated.elf)
                0x0000000000007148                mpsl_fem_enable
 .text          0x0000000000007154        0xc /opt/nordic/ncs/v3.0.2/nrfxlib/mpsl/fem/common/lib/nrf52/soft-float/libmpsl_fem_common.a(libmpsl_fem_common_debug_soft__obfuscated.elf)
                0x0000000000007154                mpsl_fem_disable
 .text          0x0000000000007160        0xc /opt/nordic/ncs/v3.0.2/nrfxlib/mpsl/fem/common/lib/nrf52/soft-float/libmpsl_fem_common.a(libmpsl_fem_common_debug_soft__obfuscated.elf)
                0x0000000000007160                mpsl_fem_pa_configuration_set
 .text          0x000000000000716c        0xc /opt/nordic/ncs/v3.0.2/nrfxlib/mpsl/fem/common/lib/nrf52/soft-float/libmpsl_fem_common.a(libmpsl_fem_common_debug_soft__obfuscated.elf)
                0x000000000000716c                mpsl_fem_lna_configuration_set
 .text          0x0000000000007178        0xc /opt/nordic/ncs/v3.0.2/nrfxlib/mpsl/fem/common/lib/nrf52/soft-float/libmpsl_fem_common.a(libmpsl_fem_common_debug_soft__obfuscated.elf)
                0x0000000000007178                mpsl_fem_pa_configuration_clear
 .text          0x0000000000007184        0xc /opt/nordic/ncs/v3.0.2/nrfxlib/mpsl/fem/common/lib/nrf52/soft-float/libmpsl_fem_common.a(libmpsl_fem_common_debug_soft__obfuscated.elf)
                0x0000000000007184                mpsl_fem_lna_configuration_clear
 .text          0x0000000000007190        0xc /opt/nordic/ncs/v3.0.2/nrfxlib/mpsl/fem/common/lib/nrf52/soft-float/libmpsl_fem_common.a(libmpsl_fem_common_debug_soft__obfuscated.elf)
                0x0000000000007190                mpsl_fem_pa_power_control_set
 .text          0x000000000000719c       0x14 /opt/nordic/ncs/v3.0.2/nrfxlib/mpsl/fem/common/lib/nrf52/soft-float/libmpsl_fem_common.a(libmpsl_fem_common_debug_soft__obfuscated.elf)
                0x000000000000719c                mpsl_fem_tx_power_split
 .text          0x00000000000071b0        0xc /opt/nordic/ncs/v3.0.2/nrfxlib/mpsl/fem/common/lib/nrf52/soft-float/libmpsl_fem_common.a(libmpsl_fem_common_debug_soft__obfuscated.elf)
                0x00000000000071b0                mpsl_fem_device_config_254_apply_get